Component: ARM Compiler 5.06 update 6 (build 750) Tool: armlink [4d35ed]

==============================================================================

Section Cross References

    startup_stm32f407xx.o(RESET) refers to startup_stm32f407xx.o(STACK) for __initial_sp
    startup_stm32f407xx.o(RESET) refers to startup_stm32f407xx.o(.text) for Reset_Handler
    startup_stm32f407xx.o(RESET) refers to stm32f4xx_it.o(i.NMI_Handler) for NMI_Handler
    startup_stm32f407xx.o(RESET) refers to stm32f4xx_it.o(i.HardFault_Handler) for HardFault_Handler
    startup_stm32f407xx.o(RESET) refers to stm32f4xx_it.o(i.MemManage_Handler) for MemManage_Handler
    startup_stm32f407xx.o(RESET) refers to stm32f4xx_it.o(i.BusFault_Handler) for BusFault_Handler
    startup_stm32f407xx.o(RESET) refers to stm32f4xx_it.o(i.UsageFault_Handler) for UsageFault_Handler
    startup_stm32f407xx.o(RESET) refers to stm32f4xx_it.o(i.SVC_Handler) for SVC_Handler
    startup_stm32f407xx.o(RESET) refers to stm32f4xx_it.o(i.DebugMon_Handler) for DebugMon_Handler
    startup_stm32f407xx.o(RESET) refers to stm32f4xx_it.o(i.PendSV_Handler) for PendSV_Handler
    startup_stm32f407xx.o(RESET) refers to stm32f4xx_it.o(i.SysTick_Handler) for SysTick_Handler
    startup_stm32f407xx.o(RESET) refers to stm32f4xx_it.o(i.I2C1_EV_IRQHandler) for I2C1_EV_IRQHandler
    startup_stm32f407xx.o(RESET) refers to stm32f4xx_it.o(i.I2C1_ER_IRQHandler) for I2C1_ER_IRQHandler
    startup_stm32f407xx.o(RESET) refers to stm32f4xx_it.o(i.USART2_IRQHandler) for USART2_IRQHandler
    startup_stm32f407xx.o(RESET) refers to stm32f4xx_it.o(i.USART3_IRQHandler) for USART3_IRQHandler
    startup_stm32f407xx.o(.text) refers to system_stm32f4xx.o(i.SystemInit) for SystemInit
    startup_stm32f407xx.o(.text) refers to entry.o(.ARM.Collect$$$$00000000) for __main
    main.o(i.HAL_UART_RxCpltCallback) refers to stm32f4xx_hal_uart.o(i.HAL_UART_Receive_IT) for HAL_UART_Receive_IT
    main.o(i.HAL_UART_RxCpltCallback) refers to adafruit_gps.o(i._Z4readh) for read(unsigned char)
    main.o(i.HAL_UART_RxCpltCallback) refers to adafruit_gps.o(i._Z15newNMEAreceivedv) for newNMEAreceived()
    main.o(i.HAL_UART_RxCpltCallback) refers to adafruit_gps.o(i._Z8lastNMEAv) for lastNMEA()
    main.o(i.HAL_UART_RxCpltCallback) refers to adafruit_gps.o(i._Z5parsePc) for parse(char*)
    main.o(i.HAL_UART_RxCpltCallback) refers to printfa.o(i.__0printf) for __2printf
    main.o(i.HAL_UART_RxCpltCallback) refers to f2d.o(.text) for __aeabi_f2d
    main.o(i.HAL_UART_RxCpltCallback) refers to main.o(.data) for .data
    main.o(i.HAL_UART_RxCpltCallback) refers to main.o(.bss) for .bss
    main.o(i.HAL_UART_RxCpltCallback) refers to adafruit_gps.o(.data) for milliseconds
    main.o(i._Z12MX_GPIO_Initv) refers to memseta.o(.text) for __aeabi_memclr4
    main.o(i._Z12MX_GPIO_Initv) refers to stm32f4xx_hal_gpio.o(i.HAL_GPIO_WritePin) for HAL_GPIO_WritePin
    main.o(i._Z12MX_GPIO_Initv) refers to stm32f4xx_hal_gpio.o(i.HAL_GPIO_Init) for HAL_GPIO_Init
    main.o(i._Z18SystemClock_Configv) refers to memseta.o(.text) for __aeabi_memclr4
    main.o(i._Z18SystemClock_Configv) refers to stm32f4xx_hal_rcc.o(i.HAL_RCC_OscConfig) for HAL_RCC_OscConfig
    main.o(i._Z18SystemClock_Configv) refers to stm32f4xx_hal_rcc.o(i.HAL_RCC_ClockConfig) for HAL_RCC_ClockConfig
    main.o(i._Z9calibratev) refers to stm32f4xx_hal.o(i.HAL_Delay) for HAL_Delay
    main.o(i._Z9calibratev) refers to memcpya.o(.text) for __aeabi_memcpy4
    main.o(i._Z9calibratev) refers to max30102.o(i._Z24maxim_max30102_read_fifo19__I2C_HandleTypeDefPjS0_) for maxim_max30102_read_fifo(__I2C_HandleTypeDef, unsigned*, unsigned*)
    main.o(i._Z9calibratev) refers to max30102.o(i._Z20maxim_max30102_reset19__I2C_HandleTypeDef) for maxim_max30102_reset(__I2C_HandleTypeDef)
    main.o(i._Z9calibratev) refers to stm_my_lcd16x2.o(i._Z13LCD1602_clearv) for LCD1602_clear()
    main.o(i._Z9calibratev) refers to stm_my_lcd16x2.o(i._Z13LCD1602_printPc) for LCD1602_print(char*)
    main.o(i._Z9calibratev) refers to main.o(.data) for .data
    main.o(i._Z9calibratev) refers to main.o(.bss) for .bss
    main.o(i.main) refers to stm32f4xx_hal.o(i.HAL_Init) for HAL_Init
    main.o(i.main) refers to main.o(i._Z18SystemClock_Configv) for SystemClock_Config()
    main.o(i.main) refers to main.o(i._Z12MX_GPIO_Initv) for MX_GPIO_Init()
    main.o(i.main) refers to stm32f4xx_hal_i2c.o(i.HAL_I2C_Init) for HAL_I2C_Init
    main.o(i.main) refers to stm32f4xx_hal_cortex.o(i.HAL_NVIC_SetPriority) for HAL_NVIC_SetPriority
    main.o(i.main) refers to stm32f4xx_hal_cortex.o(i.HAL_NVIC_EnableIRQ) for HAL_NVIC_EnableIRQ
    main.o(i.main) refers to stm32f4xx_hal_uart.o(i.HAL_UART_Init) for HAL_UART_Init
    main.o(i.main) refers to stm32f4xx_hal.o(i.HAL_Delay) for HAL_Delay
    main.o(i.main) refers to stm32f4xx_hal_uart.o(i.HAL_UART_Receive_IT) for HAL_UART_Receive_IT
    main.o(i.main) refers to memcpya.o(.text) for __aeabi_memcpy4
[...]
    i.HAL_I2C_EV_IRQHandler                  0x080011ba   Section        0  stm32f4xx_hal_i2c.o(i.HAL_I2C_EV_IRQHandler)
    i.HAL_I2C_ErrorCallback                  0x08001414   Section        0  stm32f4xx_hal_i2c.o(i.HAL_I2C_ErrorCallback)
    i.HAL_I2C_Init                           0x08001418   Section        0  stm32f4xx_hal_i2c.o(i.HAL_I2C_Init)
    i.HAL_I2C_IsDeviceReady                  0x0800158c   Section        0  stm32f4xx_hal_i2c.o(i.HAL_I2C_IsDeviceReady)
    i.HAL_I2C_ListenCpltCallback             0x080016e4   Section        0  stm32f4xx_hal_i2c.o(i.HAL_I2C_ListenCpltCallback)
    i.HAL_I2C_MasterRxCpltCallback           0x080016e6   Section        0  stm32f4xx_hal_i2c.o(i.HAL_I2C_MasterRxCpltCallback)
    i.HAL_I2C_MasterTxCpltCallback           0x080016e8   Section        0  stm32f4xx_hal_i2c.o(i.HAL_I2C_MasterTxCpltCallback)
    i.HAL_I2C_Master_Receive                 0x080016ec   Section        0  stm32f4xx_hal_i2c.o(i.HAL_I2C_Master_Receive)
    i.HAL_I2C_Master_Transmit                0x080018cc   Section        0  stm32f4xx_hal_i2c.o(i.HAL_I2C_Master_Transmit)
    i.HAL_I2C_MemRxCpltCallback              0x080019f8   Section        0  stm32f4xx_hal_i2c.o(i.HAL_I2C_MemRxCpltCallback)
    i.HAL_I2C_MemTxCpltCallback              0x080019fa   Section        0  stm32f4xx_hal_i2c.o(i.HAL_I2C_MemTxCpltCallback)
    i.HAL_I2C_MspInit                        0x080019fc   Section        0  stm32f4xx_hal_msp.o(i.HAL_I2C_MspInit)
    i.HAL_I2C_SlaveRxCpltCallback            0x08001a84   Section        0  stm32f4xx_hal_i2c.o(i.HAL_I2C_SlaveRxCpltCallback)
    i.HAL_I2C_SlaveTxCpltCallback            0x08001a86   Section        0  stm32f4xx_hal_i2c.o(i.HAL_I2C_SlaveTxCpltCallback)
    i.HAL_IncTick                            0x08001a88   Section        0  stm32f4xx_hal.o(i.HAL_IncTick)
    i.HAL_Init                               0x08001a98   Section        0  stm32f4xx_hal.o(i.HAL_Init)
    i.HAL_InitTick                           0x08001acc   Section        0  stm32f4xx_hal.o(i.HAL_InitTick)
    i.HAL_MspInit                            0x08001b0c   Section        0  stm32f4xx_hal_msp.o(i.HAL_MspInit)
    i.HAL_NVIC_EnableIRQ                     0x08001b3c   Section        0  stm32f4xx_hal_cortex.o(i.HAL_NVIC_EnableIRQ)
    i.HAL_NVIC_SetPriority                   0x08001b58   Section        0  stm32f4xx_hal_cortex.o(i.HAL_NVIC_SetPriority)
    i.HAL_NVIC_SetPriorityGrouping           0x08001b98   Section        0  stm32f4xx_hal_cortex.o(i.HAL_NVIC_SetPriorityGrouping)
    i.HAL_RCC_ClockConfig                    0x08001bbc   Section        0  stm32f4xx_hal_rcc.o(i.HAL_RCC_ClockConfig)
    i.HAL_RCC_GetClockConfig                 0x08001cec   Section        0  stm32f4xx_hal_rcc.o(i.HAL_RCC_GetClockConfig)
    i.HAL_RCC_GetPCLK1Freq                   0x08001d2c   Section        0  stm32f4xx_hal_rcc.o(i.HAL_RCC_GetPCLK1Freq)
    i.HAL_RCC_GetPCLK2Freq                   0x08001d4c   Section        0  stm32f4xx_hal_rcc.o(i.HAL_RCC_GetPCLK2Freq)
    i.HAL_RCC_GetSysClockFreq                0x08001d6c   Section        0  stm32f4xx_hal_rcc.o(i.HAL_RCC_GetSysClockFreq)
    i.HAL_RCC_OscConfig                      0x08001dd0   Section        0  stm32f4xx_hal_rcc.o(i.HAL_RCC_OscConfig)
    i.HAL_SYSTICK_Config                     0x080020ec   Section        0  stm32f4xx_hal_cortex.o(i.HAL_SYSTICK_Config)
    i.HAL_UART_ErrorCallback                 0x08002114   Section        0  stm32f4xx_hal_uart.o(i.HAL_UART_ErrorCallback)
    i.HAL_UART_IRQHandler                    0x08002118   Section        0  stm32f4xx_hal_uart.o(i.HAL_UART_IRQHandler)
    i.HAL_UART_Init                          0x08002228   Section        0  stm32f4xx_hal_uart.o(i.HAL_UART_Init)
    i.HAL_UART_MspInit                       0x0800228c   Section        0  stm32f4xx_hal_msp.o(i.HAL_UART_MspInit)
    i.HAL_UART_Receive_IT                    0x0800234c   Section        0  stm32f4xx_hal_uart.o(i.HAL_UART_Receive_IT)
    i.HAL_UART_RxCpltCallback                0x080023a0   Section        0  main.o(i.HAL_UART_RxCpltCallback)
    i.HAL_UART_Transmit                      0x080025b4   Section        0  stm32f4xx_hal_uart.o(i.HAL_UART_Transmit)
    i.HAL_UART_Transmit_IT                   0x0800266e   Section        0  stm32f4xx_hal_uart.o(i.HAL_UART_Transmit_IT)
    i.HAL_UART_TxCpltCallback                0x080026ac   Section        0  main.o(i.HAL_UART_TxCpltCallback)
    i.HardFault_Handler                      0x080026ae   Section        0  stm32f4xx_it.o(i.HardFault_Handler)
    i.I2C1_ER_IRQHandler                     0x080026b0   Section        0  stm32f4xx_it.o(i.I2C1_ER_IRQHandler)
    i.I2C1_EV_IRQHandler                     0x080026bc   Section        0  stm32f4xx_it.o(i.I2C1_EV_IRQHandler)
    i.I2C_DMAAbort                           0x080026c8   Section        0  stm32f4xx_hal_i2c.o(i.I2C_DMAAbort)
    I2C_DMAAbort                             0x080026c9   Thumb Code   126  stm32f4xx_hal_i2c.o(i.I2C_DMAAbort)
    i.I2C_ITError                            0x08002748   Section        0  stm32f4xx_hal_i2c.o(i.I2C_ITError)
    I2C_ITError                              0x08002749   Thumb Code   312  stm32f4xx_hal_i2c.o(i.I2C_ITError)
    i.I2C_IsAcknowledgeFailed                0x08002888   Section        0  stm32f4xx_hal_i2c.o(i.I2C_IsAcknowledgeFailed)
    I2C_IsAcknowledgeFailed                  0x08002889   Thumb Code    46  stm32f4xx_hal_i2c.o(i.I2C_IsAcknowledgeFailed)
    i.I2C_MasterReceive_BTF                  0x080028b6   Section        0  stm32f4xx_hal_i2c.o(i.I2C_MasterReceive_BTF)
    I2C_MasterReceive_BTF                    0x080028b7   Thumb Code   210  stm32f4xx_hal_i2c.o(i.I2C_MasterReceive_BTF)
    i.I2C_MasterReceive_RXNE                 0x08002988   Section        0  stm32f4xx_hal_i2c.o(i.I2C_MasterReceive_RXNE)
    I2C_MasterReceive_RXNE                   0x08002989   Thumb Code   146  stm32f4xx_hal_i2c.o(i.I2C_MasterReceive_RXNE)
    i.I2C_MasterRequestRead                  0x08002a1a   Section        0  stm32f4xx_hal_i2c.o(i.I2C_MasterRequestRead)
    I2C_MasterRequestRead                    0x08002a1b   Thumb Code   212  stm32f4xx_hal_i2c.o(i.I2C_MasterRequestRead)
    i.I2C_MasterRequestWrite                 0x08002af0   Section        0  stm32f4xx_hal_i2c.o(i.I2C_MasterRequestWrite)
    I2C_MasterRequestWrite                   0x08002af1   Thumb Code   132  stm32f4xx_hal_i2c.o(i.I2C_MasterRequestWrite)
    i.I2C_MasterTransmit_BTF                 0x08002b78   Section        0  stm32f4xx_hal_i2c.o(i.I2C_MasterTransmit_BTF)
    I2C_MasterTransmit_BTF                   0x08002b79   Thumb Code   130  stm32f4xx_hal_i2c.o(i.I2C_MasterTransmit_BTF)
    i.I2C_MasterTransmit_TXE                 0x08002bfc   Section        0  stm32f4xx_hal_i2c.o(i.I2C_MasterTransmit_TXE)
    I2C_MasterTransmit_TXE                   0x08002bfd   Thumb Code   260  stm32f4xx_hal_i2c.o(i.I2C_MasterTransmit_TXE)
    i.I2C_Master_ADDR                        0x08002d00   Section        0  stm32f4xx_hal_i2c.o(i.I2C_Master_ADDR)
    I2C_Master_ADDR                          0x08002d01   Thumb Code   276  stm32f4xx_hal_i2c.o(i.I2C_Master_ADDR)
    i.I2C_Master_SB                          0x08002e18   Section        0  stm32f4xx_hal_i2c.o(i.I2C_Master_SB)
    I2C_Master_SB                            0x08002e19   Thumb Code   142  stm32f4xx_hal_i2c.o(i.I2C_Master_SB)
    i.I2C_Slave_AF                           0x08002ea8   Section        0  stm32f4xx_hal_i2c.o(i.I2C_Slave_AF)
    I2C_Slave_AF                             0x08002ea9   Thumb Code   126  stm32f4xx_hal_i2c.o(i.I2C_Slave_AF)
    i.I2C_Slave_STOPF                        0x08002f2c   Section        0  stm32f4xx_hal_i2c.o(i.I2C_Slave_STOPF)
    I2C_Slave_STOPF                          0x08002f2d   Thumb Code   338  stm32f4xx_hal_i2c.o(i.I2C_Slave_STOPF)
    i.I2C_WaitOnBTFFlagUntilTimeout          0x08003088   Section        0  stm32f4xx_hal_i2c.o(i.I2C_WaitOnBTFFlagUntilTimeout)
    I2C_WaitOnBTFFlagUntilTimeout            0x08003089   Thumb Code    76  stm32f4xx_hal_i2c.o(i.I2C_WaitOnBTFFlagUntilTimeout)
    i.I2C_WaitOnFlagUntilTimeout             0x080030d4   Section        0  stm32f4xx_hal_i2c.o(i.I2C_WaitOnFlagUntilTimeout)
    I2C_WaitOnFlagUntilTimeout               0x080030d5   Thumb Code   104  stm32f4xx_hal_i2c.o(i.I2C_WaitOnFlagUntilTimeout)
    i.I2C_WaitOnMasterAddressFlagUntilTimeout 0x0800313c   Section        0  stm32f4xx_hal_i2c.o(i.I2C_WaitOnMasterAddressFlagUntilTimeout)
    I2C_WaitOnMasterAddressFlagUntilTimeout  0x0800313d   Thumb Code   150  stm32f4xx_hal_i2c.o(i.I2C_WaitOnMasterAddressFlagUntilTimeout)
    i.I2C_WaitOnRXNEFlagUntilTimeout         0x080031d2   Section        0  stm32f4xx_hal_i2c.o(i.I2C_WaitOnRXNEFlagUntilTimeout)
    I2C_WaitOnRXNEFlagUntilTimeout           0x080031d3   Thumb Code   102  stm32f4xx_hal_i2c.o(i.I2C_WaitOnRXNEFlagUntilTimeout)
    i.I2C_WaitOnTXEFlagUntilTimeout          0x08003238   Section        0  stm32f4xx_hal_i2c.o(i.I2C_WaitOnTXEFlagUntilTimeout)
    I2C_WaitOnTXEFlagUntilTimeout            0x08003239   Thumb Code    76  stm32f4xx_hal_i2c.o(i.I2C_WaitOnTXEFlagUntilTimeout)
    i.ITM_SendChar                           0x08003284   Section        0  retarget_io.o(i.ITM_SendChar)
    i.MemManage_Handler                      0x080032a8   Section        0  stm32f4xx_it.o(i.MemManage_Handler)
    i.NMI_Handler                            0x080032aa   Section        0  stm32f4xx_it.o(i.NMI_Handler)
    i.PendSV_Handler                         0x080032ac   Section        0  stm32f4xx_it.o(i.PendSV_Handler)
    i.SVC_Handler                            0x080032ae   Section        0  stm32f4xx_it.o(i.SVC_Handler)
    i.SysTick_Handler                        0x080032b0   Section        0  stm32f4xx_it.o(i.SysTick_Handler)
    i.SystemInit                             0x080032b4   Section        0  system_stm32f4xx.o(i.SystemInit)
    i.UART_DMAAbortOnError                   0x08003308   Section        0  stm32f4xx_hal_uart.o(i.UART_DMAAbortOnError)
    UART_DMAAbortOnError                     0x08003309   Thumb Code    16  stm32f4xx_hal_uart.o(i.UART_DMAAbortOnError)
    i.UART_EndRxTransfer                     0x08003318   Section        0  stm32f4xx_hal_uart.o(i.UART_EndRxTransfer)
    UART_EndRxTransfer                       0x08003319   Thumb Code    28  stm32f4xx_hal_uart.o(i.UART_EndRxTransfer)
    i.UART_Receive_IT                        0x08003334   Section        0  stm32f4xx_hal_uart.o(i.UART_Receive_IT)
    UART_Receive_IT                          0x08003335   Thumb Code   150  stm32f4xx_hal_uart.o(i.UART_Receive_IT)
    i.UART_SetConfig                         0x080033cc   Section        0  stm32f4xx_hal_uart.o(i.UART_SetConfig)
    UART_SetConfig                           0x080033cd   Thumb Code   676  stm32f4xx_hal_uart.o(i.UART_SetConfig)
    i.UART_Transmit_IT                       0x08003678   Section        0  stm32f4xx_hal_uart.o(i.UART_Transmit_IT)
    UART_Transmit_IT                         0x08003679   Thumb Code    98  stm32f4xx_hal_uart.o(i.UART_Transmit_IT)
    i.UART_WaitOnFlagUntilTimeout            0x080036da   Section        0  stm32f4xx_hal_uart.o(i.UART_WaitOnFlagUntilTimeout)
    UART_WaitOnFlagUntilTimeout              0x080036db   Thumb Code   100  stm32f4xx_hal_uart.o(i.UART_WaitOnFlagUntilTimeout)
    i.USART2_IRQHandler                      0x08003740   Section        0  stm32f4xx_it.o(i.USART2_IRQHandler)
    i.USART3_IRQHandler                      0x0800374c   Section        0  stm32f4xx_it.o(i.USART3_IRQHandler)
    i.UsageFault_Handler                     0x08003758   Section        0  stm32f4xx_it.o(i.UsageFault_Handler)
    i._Z10LCD1602_RSb                        0x0800375c   Section        0  stm_my_lcd16x2.o(i._Z10LCD1602_RSb)
    LCD1602_RS(bool)                         0x0800375d   Thumb Code    16  stm_my_lcd16x2.o(i._Z10LCD1602_RSb)
    i._Z11common_initv                       0x08003770   Section        0  adafruit_gps.o(i._Z11common_initv)
    i._Z11sendCommand20__UART_HandleTypeDefPc 0x080037d0   Section        0  adafruit_gps.o(i._Z11sendCommand20__UART_HandleTypeDefPc)
    i._Z12Adafruit_GPS20__UART_HandleTypeDef 0x0800380c   Section        0  adafruit_gps.o(i._Z12Adafruit_GPS20__UART_HandleTypeDef)
    i._Z12MX_GPIO_Initv                      0x08003810   Section        0  main.o(i._Z12MX_GPIO_Initv)
    MX_GPIO_Init()                           0x08003811   Thumb Code   190  main.o(i._Z12MX_GPIO_Initv)
    i._Z13LCD1602_clearv                     0x080038e0   Section        0  stm_my_lcd16x2.o(i._Z13LCD1602_clearv)
    i._Z13LCD1602_printPc                    0x080038f2   Section        0  stm_my_lcd16x2.o(i._Z13LCD1602_printPc)
    i._Z13LCD1602_writeh                     0x08003918   Section        0  stm_my_lcd16x2.o(i._Z13LCD1602_writeh)
    LCD1602_write(unsigned char)             0x08003919   Thumb Code   222  stm_my_lcd16x2.o(i._Z13LCD1602_writeh)
    i._Z15LCD1602_2ndLinev                   0x080039fc   Section        0  stm_my_lcd16x2.o(i._Z15LCD1602_2ndLinev)
    i._Z15newNMEAreceivedv                   0x08003a04   Section        0  adafruit_gps.o(i._Z15newNMEAreceivedv)
    i._Z16LCD1602_PrintInti                  0x08003a10   Section        0  stm_my_lcd16x2.o(i._Z16LCD1602_PrintInti)
    i._Z16maxim_find_peaksPiS_S_iiii         0x08003a28   Section        0  algorithm.o(i._Z16maxim_find_peaksPiS_S_iiii)
    i._Z17LCD1602_Begin8BITP12GPIO_TypeDefttS0_ttttS0_tttt 0x08003a5c   Section        0  stm_my_lcd16x2.o(i._Z17LCD1602_Begin8BITP12GPIO_TypeDefttS0_ttttS0_tttt)
    i._Z17LCD1602_setCursorhh                0x08003ae4   Section        0  stm_my_lcd16x2.o(i._Z17LCD1602_setCursorhh)
    i._Z17maxim_sort_ascendPii               0x08003b00   Section        0  algorithm.o(i._Z17maxim_sort_ascendPii)
    i._Z18LCD1602_TIM_Configv                0x08003b34   Section        0  stm_my_lcd16x2.o(i._Z18LCD1602_TIM_Configv)
    LCD1602_TIM_Config()                     0x08003b35   Thumb Code   132  stm_my_lcd16x2.o(i._Z18LCD1602_TIM_Configv)
    i._Z18SystemClock_Configv                0x08003bc8   Section        0  main.o(i._Z18SystemClock_Configv)
    i._Z19LCD1602_EnablePulsev               0x08003c38   Section        0  stm_my_lcd16x2.o(i._Z19LCD1602_EnablePulsev)
    LCD1602_EnablePulse()                    0x08003c39   Thumb Code    40  stm_my_lcd16x2.o(i._Z19LCD1602_EnablePulsev)
    i._Z19maxim_max30102_init19__I2C_HandleTypeDef 0x08003c64   Section        0  max30102.o(i._Z19maxim_max30102_init19__I2C_HandleTypeDef)
    i._Z20LCD1602_writeCommandh              0x080040f2   Section        0  stm_my_lcd16x2.o(i._Z20LCD1602_writeCommandh)
    LCD1602_writeCommand(unsigned char)      0x080040f3   Thumb Code    20  stm_my_lcd16x2.o(i._Z20LCD1602_writeCommandh)
    i._Z20maxim_max30102_reset19__I2C_HandleTypeDef 0x08004106   Section        0  max30102.o(i._Z20maxim_max30102_reset19__I2C_HandleTypeDef)
    i._Z22maxim_max30102_restart19__I2C_HandleTypeDef 0x0800417e   Section        0  max30102.o(i._Z22maxim_max30102_restart19__I2C_HandleTypeDef)
    i._Z23maxim_max30102_read_reg19__I2C_HandleTypeDefhPh 0x08004250   Section        0  max30102.o(i._Z23maxim_max30102_read_reg19__I2C_HandleTypeDefhPh)
    i._Z24maxim_max30102_read_fifo19__I2C_HandleTypeDefPjS0_ 0x08004294   Section        0  max30102.o(i._Z24maxim_max30102_read_fifo19__I2C_HandleTypeDefPjS0_)
    i._Z24maxim_max30102_write_reg19__I2C_HandleTypeDefhh 0x080043ee   Section        0  max30102.o(i._Z24maxim_max30102_write_reg19__I2C_HandleTypeDefhh)
    i._Z24maxim_remove_close_peaksPiS_S_i    0x0800441c   Section        0  algorithm.o(i._Z24maxim_remove_close_peaksPiS_S_i)
    i._Z25LCD1602_TIM_MicorSecDelayj         0x08004488   Section        0  stm_my_lcd16x2.o(i._Z25LCD1602_TIM_MicorSecDelayj)
    LCD1602_TIM_MicorSecDelay(unsigned)      0x08004489   Thumb Code    38  stm_my_lcd16x2.o(i._Z25LCD1602_TIM_MicorSecDelayj)
    i._Z26maxim_sort_indices_descendPiS_i    0x080044b4   Section        0  algorithm.o(i._Z26maxim_sort_indices_descendPiS_i)
    i._Z28maxim_peaks_above_min_heightPiS_S_ii 0x080044ee   Section        0  algorithm.o(i._Z28maxim_peaks_above_min_heightPiS_S_ii)
    i._Z38maxim_heart_rate_and_oxygen_saturationPjiS_PiPaS0_S1_ 0x08004558   Section        0  algorithm.o(i._Z38maxim_heart_rate_and_oxygen_saturationPjiS_PiPaS0_S1_)
    i._Z4readh                               0x08004980   Section        0  adafruit_gps.o(i._Z4readh)
    i._Z5parsePc                             0x080049d8   Section        0  adafruit_gps.o(i._Z5parsePc)
    i._Z8lastNMEAv                           0x08004d80   Section        0  adafruit_gps.o(i._Z8lastNMEAv)
    i._Z8parseHexc                           0x08004d90   Section        0  adafruit_gps.o(i._Z8parseHexc)
    i._Z9calibratev                          0x08004db0   Section        0  main.o(i._Z9calibratev)
    i._ZSt6strchrPci                         0x08004f38   Section        0  adafruit_gps.o(i._ZSt6strchrPci)
    i.__0printf                              0x08004f3c   Section        0  printfa.o(i.__0printf)
    i.__0sprintf                             0x08004f5c   Section        0  printfa.o(i.__0sprintf)
    i.__NVIC_SetPriority                     0x08004f84   Section        0  stm32f4xx_hal_cortex.o(i.__NVIC_SetPriority)
    __NVIC_SetPriority                       0x08004f85   Thumb Code    32  stm32f4xx_hal_cortex.o(i.__NVIC_SetPriority)
    i.__aeabi_errno_addr                     0x08004fa4   Section        0  errno.o(i.__aeabi_errno_addr)
    i.__hardfp_atof                          0x08004fb0   Section        0  atof.o(i.__hardfp_atof)
    i.__hardfp_fmod                          0x08004fe8   Section        0  fmod.o(i.__hardfp_fmod)
    i.__mathlib_dbl_invalid                  0x080050f0   Section        0  dunder.o(i.__mathlib_dbl_invalid)
    i.__read_errno                           0x08005110   Section        0  errno.o(i.__read_errno)
    i.__scatterload_copy                     0x0800511c   Section       14  handlers.o(i.__scatterload_copy)
    i.__scatterload_null                     0x0800512a   Section        2  handlers.o(i.__scatterload_null)
    i.__scatterload_zeroinit                 0x0800512c   Section       14  handlers.o(i.__scatterload_zeroinit)
    i.__set_errno                            0x0800513c   Section        0  errno.o(i.__set_errno)
    i._fp_digits                             0x08005148   Section        0  printfa.o(i._fp_digits)
    _fp_digits                               0x08005149   Thumb Code   366  printfa.o(i._fp_digits)
    i._is_digit                              0x080052cc   Section        0  scanf_fp.o(i._is_digit)
    i._printf_core                           0x080052dc   Section        0  printfa.o(i._printf_core)
    _printf_core                             0x080052dd   Thumb Code  1744  printfa.o(i._printf_core)
    i._printf_post_padding                   0x080059b8   Section        0  printfa.o(i._printf_post_padding)
    _printf_post_padding                     0x080059b9   Thumb Code    36  printfa.o(i._printf_post_padding)
    i._printf_pre_padding                    0x080059dc   Section        0  printfa.o(i._printf_pre_padding)
    _printf_pre_padding                      0x080059dd   Thumb Code    46  printfa.o(i._printf_pre_padding)
    i._sputc                                 0x08005a0a   Section        0  printfa.o(i._sputc)
    _sputc                                   0x08005a0b   Thumb Code    10  printfa.o(i._sputc)
    i.fputc                                  0x08005a14   Section        0  retarget_io.o(i.fputc)
    i.main                                   0x08005a34   Section        0  main.o(i.main)
    .constdata                               0x0800629c   Section       16  system_stm32f4xx.o(.constdata)
    .constdata                               0x080062ac   Section        8  system_stm32f4xx.o(.constdata)
    .constdata                               0x080062b4   Section      246  algorithm.o(.constdata)
    auw_hamm                                 0x080062b4   Data          62  algorithm.o(.constdata)
    uch_spo2_table                           0x080062f2   Data         184  algorithm.o(.constdata)
    .constdata                               0x080063aa   Section      129  ctype_o.o(.constdata)
    .constdata                               0x0800642c   Section        4  ctype_o.o(.constdata)
    table                                    0x0800642c   Data           4  ctype_o.o(.constdata)
    .data                                    0x20000000   Section       40  main.o(.data)
    .data                                    0x20000028   Section       12  stm32f4xx_hal.o(.data)
    .data                                    0x20000034   Section        4  system_stm32f4xx.o(.data)
    .data                                    0x20000038   Section       36  stm_my_lcd16x2.o(.data)
    mode_8_4_I2C                             0x20000038   Data           1  stm_my_lcd16x2.o(.data)
    DisplayControl                           0x20000039   Data           1  stm_my_lcd16x2.o(.data)
    FunctionSet                              0x2000003a   Data           1  stm_my_lcd16x2.o(.data)
    PIN_RS                                   0x2000003c   Data           2  stm_my_lcd16x2.o(.data)
    PIN_E                                    0x2000003e   Data           2  stm_my_lcd16x2.o(.data)
    D0_PIN                                   0x20000040   Data           2  stm_my_lcd16x2.o(.data)
    D1_PIN                                   0x20000042   Data           2  stm_my_lcd16x2.o(.data)
    D2_PIN                                   0x20000044   Data           2  stm_my_lcd16x2.o(.data)
    D3_PIN                                   0x20000046   Data           2  stm_my_lcd16x2.o(.data)
    D4_PIN                                   0x20000048   Data           2  stm_my_lcd16x2.o(.data)
    D5_PIN                                   0x2000004a   Data           2  stm_my_lcd16x2.o(.data)
    D6_PIN                                   0x2000004c   Data           2  stm_my_lcd16x2.o(.data)
    D7_PIN                                   0x2000004e   Data           2  stm_my_lcd16x2.o(.data)
    PORT_RS_and_E                            0x20000050   Data           4  stm_my_lcd16x2.o(.data)
    PORT_LSB                                 0x20000054   Data           4  stm_my_lcd16x2.o(.data)
    PORT_MSB                                 0x20000058   Data           4  stm_my_lcd16x2.o(.data)
    .data                                    0x2000005c   Section       72  adafruit_gps.o(.data)
    .data                                    0x200000a4   Section        4  stdout.o(.data)
    .data                                    0x200000a8   Section        4  stderr.o(.data)
    .data                                    0x200000ac   Section        4  errno.o(.data)
    _errno                                   0x200000ac   Data           4  errno.o(.data)
    .bss                                     0x200000b0   Section     4240  main.o(.bss)
    .bss                                     0x20001140   Section     5984  algorithm.o(.bss)
    an_dx                                    0x20001140   Data        1984  algorithm.o(.bss)
    an_x                                     0x20001900   Data        2000  algorithm.o(.bss)
    an_y                                     0x200020d0   Data        2000  algorithm.o(.bss)
    .bss                                     0x200028a0   Section      240  adafruit_gps.o(.bss)
    STACK                                    0x20002990   Section     1024  startup_stm32f407xx.o(STACK)

    Global Symbols

    Symbol Name                              Value     Ov Type        Size  Object(Section)

    BuildAttributes$$THM_ISAv4$E$P$D$K$B$S$7EM$VFPi3$EXTD16$VFPS$VFMA$PE$A:L22UL41UL21$X:L11$S22US41US21$IEEE1$IW$USESV6$~STKCKD$USESV7$~SHL$OTIME$ROPI$IEEEX$EBA8$MICROLIB$REQ8$PRES8$EABIv2 0x00000000   Number         0  anon$$obj.o ABSOLUTE
    __ARM_use_no_argv                        0x00000000   Number         0  main.o ABSOLUTE
    _printf_a                                0x00000000   Number         0  stubs.o ABSOLUTE
    _printf_c                                0x00000000   Number         0  stubs.o ABSOLUTE
    _printf_charcount                        0x00000000   Number         0  stubs.o ABSOLUTE
    _printf_d                                0x00000000   Number         0  stubs.o ABSOLUTE
    _printf_e                                0x00000000   Number         0  stubs.o ABSOLUTE
    _printf_f                                0x00000000   Number         0  stubs.o ABSOLUTE
    _printf_flags                            0x00000000   Number         0  stubs.o ABSOLUTE
    _printf_fp_dec                           0x00000000   Number         0  stubs.o ABSOLUTE
    _printf_fp_hex                           0x00000000   Number         0  stubs.o ABSOLUTE
    _printf_g                                0x00000000   Number         0  stubs.o ABSOLUTE
    _printf_i                                0x00000000   Number         0  stubs.o ABSOLUTE
    _printf_int_dec                          0x00000000   Number         0  stubs.o ABSOLUTE
    _printf_l                                0x00000000   Number         0  stubs.o ABSOLUTE
    _printf_lc                               0x00000000   Number         0  stubs.o ABSOLUTE
    _printf_ll                               0x00000000   Number         0  stubs.o ABSOLUTE
    _printf_lld                              0x00000000   Number         0  stubs.o ABSOLUTE
    _printf_lli                              0x00000000   Number         0  stubs.o ABSOLUTE
    _printf_llo                              0x00000000   Number         0  stubs.o ABSOLUTE
    _printf_llu                              0x00000000   Number         0  stubs.o ABSOLUTE
    _printf_llx                              0x00000000   Number         0  stubs.o ABSOLUTE
    _printf_longlong_dec                     0x00000000   Number         0  stubs.o ABSOLUTE
    _printf_longlong_hex                     0x00000000   Number         0  stubs.o ABSOLUTE
    _printf_longlong_oct                     0x00000000   Number         0  stubs.o ABSOLUTE
    _printf_ls                               0x00000000   Number         0  stubs.o ABSOLUTE
    _printf_mbtowc                           0x00000000   Number         0  stubs.o ABSOLUTE
    _printf_n                                0x00000000   Number         0  stubs.o ABSOLUTE
    _printf_o                                0x00000000   Number         0  stubs.o ABSOLUTE
    _printf_p                                0x00000000   Number         0  stubs.o ABSOLUTE
    _printf_percent                          0x00000000   Number         0  stubs.o ABSOLUTE
    _printf_pre_padding                      0x00000000   Number         0  stubs.o ABSOLUTE
    _printf_return_value                     0x00000000   Number         0  stubs.o ABSOLUTE
    _printf_s                                0x00000000   Number         0  stubs.o ABSOLUTE
    _printf_sizespec                         0x00000000   Number         0  stubs.o ABSOLUTE
    _printf_str                              0x00000000   Number         0  stubs.o ABSOLUTE
    _printf_truncate_signed                  0x00000000   Number         0  stubs.o ABSOLUTE
    _printf_truncate_unsigned                0x00000000   Number         0  stubs.o ABSOLUTE
    _printf_u                                0x00000000   Number         0  stubs.o ABSOLUTE
    _printf_wc                               0x00000000   Number         0  stubs.o ABSOLUTE
    _printf_wctomb                           0x00000000   Number         0  stubs.o ABSOLUTE
    _printf_widthprec                        0x00000000   Number         0  stubs.o ABSOLUTE
    _printf_x                                0x00000000   Number         0  stubs.o ABSOLUTE
    __cpp_initialize__aeabi_                  - Undefined Weak Reference
    __cxa_finalize                            - Undefined Weak Reference
    __decompress                              - Undefined Weak Reference
    _clock_init                               - Undefined Weak Reference
    _microlib_exit                            - Undefined Weak Reference
    __Vectors_Size                           0x00000188   Number         0  startup_stm32f407xx.o ABSOLUTE
    __Vectors                                0x08000000   Data           4  startup_stm32f407xx.o(RESET)
    __Vectors_End                            0x08000188   Data           0  startup_stm32f407xx.o(RESET)
    __main                                   0x08000189   Thumb Code     0  entry.o(.ARM.Collect$$$$00000000)
    _main_stk                                0x08000189   Thumb Code     0  entry2.o(.ARM.Collect$$$$00000001)
    _main_scatterload                        0x0800018d   Thumb Code     0  entry5.o(.ARM.Collect$$$$00000004)
    __main_after_scatterload                 0x08000191   Thumb Code     0  entry5.o(.ARM.Collect$$$$00000004)
    _main_clock                              0x08000191   Thumb Code     0  entry7b.o(.ARM.Collect$$$$00000008)
    _main_cpp_init                           0x08000191   Thumb Code     0  entry8b.o(.ARM.Collect$$$$0000000A)
    _main_init                               0x08000191   Thumb Code     0  entry9a.o(.ARM.Collect$$$$0000000B)
    __rt_final_cpp                           0x08000199   Thumb Code     0  entry10a.o(.ARM.Collect$$$$0000000D)
    __rt_final_exit                          0x08000199   Thumb Code     0  entry11a.o(.ARM.Collect$$$$0000000F)
    Reset_Handler                            0x0800019d   Thumb Code     8  startup_stm32f407xx.o(.text)
    ADC_IRQHandler                           0x080001b7   Thumb Code     0  startup_stm32f407xx.o(.text)
    CAN1_RX0_IRQHandler                      0x080001b7   Thumb Code     0  startup_stm32f407xx.o(.text)
    CAN1_RX1_IRQHandler                      0x080001b7   Thumb Code     0  startup_stm32f407xx.o(.text)
    CAN1_SCE_IRQHandler                      0x080001b7   Thumb Code     0  startup_stm32f407xx.o(.text)
    CAN1_TX_IRQHandler                       0x080001b7   Thumb Code     0  startup_stm32f407xx.o(.text)
    CAN2_RX0_IRQHandler                      0x080001b7   Thumb Code     0  startup_stm32f407xx.o(.text)
    CAN2_RX1_IRQHandler                      0x080001b7   Thumb Code     0  startup_stm32f407xx.o(.text)
    CAN2_SCE_IRQHandler                      0x080001b7   Thumb Code     0  startup_stm32f407xx.o(.text)
    CAN2_TX_IRQHandler                       0x080001b7   Thumb Code     0  startup_stm32f407xx.o(.text)
    DCMI_IRQHandler                          0x080001b7   Thumb Code     0  startup_stm32f407xx.o(.text)
    DMA1_Stream0_IRQHandler                  0x080001b7   Thumb Code     0  startup_stm32f407xx.o(.text)
    DMA1_Stream1_IRQHandler                  0x080001b7   Thumb Code     0  startup_stm32f407xx.o(.text)
    DMA1_Stream2_IRQHandler                  0x080001b7   Thumb Code     0  startup_stm32f407xx.o(.text)
    DMA1_Stream3_IRQHandler                  0x080001b7   Thumb Code     0  startup_stm32f407xx.o(.text)
    DMA1_Stream4_IRQHandler                  0x080001b7   Thumb Code     0  startup_stm32f407xx.o(.text)
    DMA1_Stream5_IRQHandler                  0x080001b7   Thumb Code     0  startup_stm32f407xx.o(.text)
    DMA1_Stream6_IRQHandler                  0x080001b7   Thumb Code     0  startup_stm32f407xx.o(.text)
    DMA1_Stream7_IRQHandler                  0x080001b7   Thumb Code     0  startup_stm32f407xx.o(.text)
    DMA2_Stream0_IRQHandler                  0x080001b7   Thumb Code     0  startup_stm32f407xx.o(.text)
    DMA2_Stream1_IRQHandler                  0x080001b7   Thumb Code     0  startup_stm32f407xx.o(.text)
    DMA2_Stream2_IRQHandler                  0x080001b7   Thumb Code     0  startup_stm32f407xx.o(.text)
    DMA2_Stream3_IRQHandler                  0x080001b7   Thumb Code     0  startup_stm32f407xx.o(.text)
    DMA2_Stream4_IRQHandler                  0x080001b7   Thumb Code     0  startup_stm32f407xx.o(.text)
    DMA2_Stream5_IRQHandler                  0x080001b7   Thumb Code     0  startup_stm32f407xx.o(.text)
    DMA2_Stream6_IRQHandler                  0x080001b7   Thumb Code     0  startup_stm32f407xx.o(.text)
    DMA2_Stream7_IRQHandler                  0x080001b7   Thumb Code     0  startup_stm32f407xx.o(.text)
    ETH_IRQHandler                           0x080001b7   Thumb Code     0  startup_stm32f407xx.o(.text)
    ETH_WKUP_IRQHandler                      0x080001b7   Thumb Code     0  startup_stm32f407xx.o(.text)
    EXTI0_IRQHandler                         0x080001b7   Thumb Code     0  startup_stm32f407xx.o(.text)
    EXTI15_10_IRQHandler                     0x080001b7   Thumb Code     0  startup_stm32f407xx.o(.text)
    EXTI1_IRQHandler                         0x080001b7   Thumb Code     0  startup_stm32f407xx.o(.text)
    EXTI2_IRQHandler                         0x080001b7   Thumb Code     0  startup_stm32f407xx.o(.text)
    EXTI3_IRQHandler                         0x080001b7   Thumb Code     0  startup_stm32f407xx.o(.text)
    EXTI4_IRQHandler                         0x080001b7   Thumb Code     0  startup_stm32f407xx.o(.text)
    EXTI9_5_IRQHandler                       0x080001b7   Thumb Code     0  startup_stm32f407xx.o(.text)
    FLASH_IRQHandler                         0x080001b7   Thumb Code     0  startup_stm32f407xx.o(.text)
    FMC_IRQHandler                           0x080001b7   Thumb Code     0  startup_stm32f407xx.o(.text)
    FPU_IRQHandler                           0x080001b7   Thumb Code     0  startup_stm32f407xx.o(.text)
    HASH_RNG_IRQHandler                      0x080001b7   Thumb Code     0  startup_stm32f407xx.o(.text)
    I2C2_ER_IRQHandler                       0x080001b7   Thumb Code     0  startup_stm32f407xx.o(.text)
    I2C2_EV_IRQHandler                       0x080001b7   Thumb Code     0  startup_stm32f407xx.o(.text)
    I2C3_ER_IRQHandler                       0x080001b7   Thumb Code     0  startup_stm32f407xx.o(.text)
    I2C3_EV_IRQHandler                       0x080001b7   Thumb Code     0  startup_stm32f407xx.o(.text)
    OTG_FS_IRQHandler                        0x080001b7   Thumb Code     0  startup_stm32f407xx.o(.text)
    OTG_FS_WKUP_IRQHandler                   0x080001b7   Thumb Code     0  startup_stm32f407xx.o(.text)
    OTG_HS_EP1_IN_IRQHandler                 0x080001b7   Thumb Code     0  startup_stm32f407xx.o(.text)
    OTG_HS_EP1_OUT_IRQHandler                0x080001b7   Thumb Code     0  startup_stm32f407xx.o(.text)
    OTG_HS_IRQHandler                        0x080001b7   Thumb Code     0  startup_stm32f407xx.o(.text)
    OTG_HS_WKUP_IRQHandler                   0x080001b7   Thumb Code     0  startup_stm32f407xx.o(.text)
    PVD_IRQHandler                           0x080001b7   Thumb Code     0  startup_stm32f407xx.o(.text)
    RCC_IRQHandler                           0x080001b7   Thumb Code     0  startup_stm32f407xx.o(.text)
    RTC_Alarm_IRQHandler                     0x080001b7   Thumb Code     0  startup_stm32f407xx.o(.text)
    RTC_WKUP_IRQHandler                      0x080001b7   Thumb Code     0  startup_stm32f407xx.o(.text)
    SDIO_IRQHandler                          0x080001b7   Thumb Code     0  startup_stm32f407xx.o(.text)
    SPI1_IRQHandler                          0x080001b7   Thumb Code     0  startup_stm32f407xx.o(.text)
    SPI2_IRQHandler                          0x080001b7   Thumb Code     0  startup_stm32f407xx.o(.text)
    SPI3_IRQHandler                          0x080001b7   Thumb Code     0  startup_stm32f407xx.o(.text)
    TAMP_STAMP_IRQHandler                    0x080001b7   Thumb Code     0  startup_stm32f407xx.o(.text)
    TIM1_BRK_TIM9_IRQHandler                 0x080001b7   Thumb Code     0  startup_stm32f407xx.o(.text)
    TIM1_CC_IRQHandler                       0x080001b7   Thumb Code     0  startup_stm32f407xx.o(.text)
    TIM1_TRG_COM_TIM11_IRQHandler            0x080001b7   Thumb Code     0  startup_stm32f407xx.o(.text)
    TIM1_UP_TIM10_IRQHandler                 0x080001b7   Thumb Code     0  startup_stm32f407xx.o(.text)
    TIM2_IRQHandler                          0x080001b7   Thumb Code     0  startup_stm32f407xx.o(.text)
    TIM3_IRQHandler                          0x080001b7   Thumb Code     0  startup_stm32f407xx.o(.text)
    TIM4_IRQHandler                          0x080001b7   Thumb Code     0  startup_stm32f407xx.o(.text)
    TIM5_IRQHandler                          0x080001b7   Thumb Code     0  startup_stm32f407xx.o(.text)
    TIM6_DAC_IRQHandler                      0x080001b7   Thumb Code     0  startup_stm32f407xx.o(.text)
    TIM7_IRQHandler                          0x080001b7   Thumb Code     0  startup_stm32f407xx.o(.text)
    TIM8_BRK_TIM12_IRQHandler                0x080001b7   Thumb Code     0  startup_stm32f407xx.o(.text)
    TIM8_CC_IRQHandler                       0x080001b7   Thumb Code     0  startup_stm32f407xx.o(.text)
    TIM8_TRG_COM_TIM14_IRQHandler            0x080001b7   Thumb Code     0  startup_stm32f407xx.o(.text)
    TIM8_UP_TIM13_IRQHandler                 0x080001b7   Thumb Code     0  startup_stm32f407xx.o(.text)
    UART4_IRQHandler                         0x080001b7   Thumb Code     0  startup_stm32f407xx.o(.text)
    UART5_IRQHandler                         0x080001b7   Thumb Code     0  startup_stm32f407xx.o(.text)
    USART1_IRQHandler                        0x080001b7   Thumb Code     0  startup_stm32f407xx.o(.text)
    USART6_IRQHandler                        0x080001b7   Thumb Code     0  startup_stm32f407xx.o(.text)
    WWDG_IRQHandler                          0x080001b7   Thumb Code     0  startup_stm32f407xx.o(.text)
    __aeabi_uldivmod                         0x080001c1   Thumb Code    98  uldiv.o(.text)
    __rt_ctype_table                         0x08000225   Thumb Code     4  ctype_o.o(.text)
    isspace                                  0x0800022d   Thumb Code    18  isspace_o.o(.text)
    __aeabi_memcpy                           0x0800023f   Thumb Code    36  memcpya.o(.text)
    __aeabi_memcpy4                          0x0800023f   Thumb Code     0  memcpya.o(.text)
    __aeabi_memcpy8                          0x0800023f   Thumb Code     0  memcpya.o(.text)
    __aeabi_memset                           0x08000263   Thumb Code    14  memseta.o(.text)
    __aeabi_memset4                          0x08000263   Thumb Code     0  memseta.o(.text)
    __aeabi_memset8                          0x08000263   Thumb Code     0  memseta.o(.text)
    __aeabi_memclr                           0x08000271   Thumb Code     4  memseta.o(.text)
    __aeabi_memclr4                          0x08000271   Thumb Code     0  memseta.o(.text)
    __aeabi_memclr8                          0x08000271   Thumb Code     0  memseta.o(.text)
    _memset$wrapper                          0x08000275   Thumb Code    18  memseta.o(.text)
    strstr                                   0x08000287   Thumb Code    36  strstr.o(.text)
    strchr                                   0x080002ab   Thumb Code    20  strchr.o(.text)
    strlen                                   0x080002bf   Thumb Code    14  strlen.o(.text)
    atoi                                     0x080002cd   Thumb Code    26  atoi.o(.text)
    __aeabi_dmul                             0x080002e7   Thumb Code   228  dmul.o(.text)
    __aeabi_ui2d                             0x080003cb   Thumb Code    26  dfltui.o(.text)
    __aeabi_d2uiz                            0x080003e5   Thumb Code    50  dfixui.o(.text)
    __aeabi_f2d                              0x08000417   Thumb Code    38  f2d.o(.text)
    __aeabi_d2f                              0x0800043d   Thumb Code    56  d2f.o(.text)
    __aeabi_uidiv                            0x08000475   Thumb Code     0  uidiv.o(.text)
    __aeabi_uidivmod                         0x08000475   Thumb Code    44  uidiv.o(.text)
    __aeabi_llsl                             0x080004a1   Thumb Code    30  llshl.o(.text)
    _ll_shift_l                              0x080004a1   Thumb Code     0  llshl.o(.text)
    __aeabi_llsr                             0x080004bf   Thumb Code    32  llushr.o(.text)
    _ll_ushift_r                             0x080004bf   Thumb Code     0  llushr.o(.text)
    __strtod_int                             0x08000517   Thumb Code    90  strtod.o(.text)
    strtol                                   0x0800057d   Thumb Code   112  strtol.o(.text)
    __I$use$fp                               0x080005ed   Thumb Code     0  iusefp.o(.text)
    _float_round                             0x080005ed   Thumb Code    18  fepilogue.o(.text)
    _float_epilogue                          0x080005ff   Thumb Code    92  fepilogue.o(.text)
    _double_round                            0x0800065b   Thumb Code    30  depilogue.o(.text)
    _double_epilogue                         0x08000679   Thumb Code   156  depilogue.o(.text)
    __aeabi_dadd                             0x08000715   Thumb Code   322  dadd.o(.text)
    __aeabi_dsub                             0x08000857   Thumb Code     6  dadd.o(.text)
    __aeabi_drsub                            0x0800085d   Thumb Code     6  dadd.o(.text)
    __aeabi_ddiv                             0x08000863   Thumb Code   222  ddiv.o(.text)
    _drem                                    0x08000941   Thumb Code   134  drem.o(.text)
    __aeabi_d2ulz                            0x080009c7   Thumb Code    48  dfixul.o(.text)
    __aeabi_cdrcmple                         0x080009f9   Thumb Code    48  cdrcmple.o(.text)
    __scatterload                            0x08000a29   Thumb Code    28  init.o(.text)
    __scatterload_rt2                        0x08000a29   Thumb Code     0  init.o(.text)
    __aeabi_lasr                             0x08000a4d   Thumb Code    36  llsshr.o(.text)
    _ll_sshift_r                             0x08000a4d   Thumb Code     0  llsshr.o(.text)
    _scanf_real                              0x08000b99   Thumb Code     0  scanf_fp.o(.text)
    _scanf_really_real                       0x08000b99   Thumb Code   556  scanf_fp.o(.text)
    _sgetc                                   0x08000dd1   Thumb Code    30  _sgetc.o(.text)
    _sbackspace                              0x08000def   Thumb Code    34  _sgetc.o(.text)
    _strtoul                                 0x08000e11   Thumb Code   158  _strtoul.o(.text)
    _chval                                   0x08000eaf   Thumb Code    28  _chval.o(.text)
    __aeabi_ul2d                             0x08000ecb   Thumb Code    24  dfltul.o(.text)
    BusFault_Handler                         0x08000ee3   Thumb Code     2  stm32f4xx_it.o(i.BusFault_Handler)
    DebugMon_Handler                         0x08000ee5   Thumb Code     2  stm32f4xx_it.o(i.DebugMon_Handler)
    HAL_DMA_Abort_IT                         0x08000ee7   Thumb Code    36  stm32f4xx_hal_dma.o(i.HAL_DMA_Abort_IT)
    HAL_DMA_GetState                         0x08000f0b   Thumb Code     6  stm32f4xx_hal_dma.o(i.HAL_DMA_GetState)
    HAL_Delay                                0x08000f11   Thumb Code    32  stm32f4xx_hal.o(i.HAL_Delay)
    HAL_GPIO_Init                            0x08000f35   Thumb Code   388  stm32f4xx_hal_gpio.o(i.HAL_GPIO_Init)
    HAL_GPIO_WritePin                        0x080010e5   Thumb Code    10  stm32f4xx_hal_gpio.o(i.HAL_GPIO_WritePin)
    HAL_GetTick                              0x080010f1   Thumb Code     6  stm32f4xx_hal.o(i.HAL_GetTick)
    HAL_I2C_AbortCpltCallback                0x080010fd   Thumb Code     2  stm32f4xx_hal_i2c.o(i.HAL_I2C_AbortCpltCallback)
    HAL_I2C_AddrCallback                     0x080010ff   Thumb Code     2  stm32f4xx_hal_i2c.o(i.HAL_I2C_AddrCallback)
    HAL_I2C_ER_IRQHandler                    0x08001101   Thumb Code   186  stm32f4xx_hal_i2c.o(i.HAL_I2C_ER_IRQHandler)
    HAL_I2C_EV_IRQHandler                    0x080011bb   Thumb Code   602  stm32f4xx_hal_i2c.o(i.HAL_I2C_EV_IRQHandler)
    HAL_I2C_ErrorCallback                    0x08001415   Thumb Code     2  stm32f4xx_hal_i2c.o(i.HAL_I2C_ErrorCallback)
    HAL_I2C_Init                             0x08001419   Thumb Code   356  stm32f4xx_hal_i2c.o(i.HAL_I2C_Init)
    HAL_I2C_IsDeviceReady                    0x0800158d   Thumb Code   336  stm32f4xx_hal_i2c.o(i.HAL_I2C_IsDeviceReady)
    HAL_I2C_ListenCpltCallback               0x080016e5   Thumb Code     2  stm32f4xx_hal_i2c.o(i.HAL_I2C_ListenCpltCallback)
    HAL_I2C_MasterRxCpltCallback             0x080016e7   Thumb Code     2  stm32f4xx_hal_i2c.o(i.HAL_I2C_MasterRxCpltCallback)
    HAL_I2C_MasterTxCpltCallback             0x080016e9   Thumb Code     2  stm32f4xx_hal_i2c.o(i.HAL_I2C_MasterTxCpltCallback)
    HAL_I2C_Master_Receive                   0x080016ed   Thumb Code   468  stm32f4xx_hal_i2c.o(i.HAL_I2C_Master_Receive)
    HAL_I2C_Master_Transmit                  0x080018cd   Thumb Code   290  stm32f4xx_hal_i2c.o(i.HAL_I2C_Master_Transmit)
    HAL_I2C_MemRxCpltCallback                0x080019f9   Thumb Code     2  stm32f4xx_hal_i2c.o(i.HAL_I2C_MemRxCpltCallback)
    HAL_I2C_MemTxCpltCallback                0x080019fb   Thumb Code     2  stm32f4xx_hal_i2c.o(i.HAL_I2C_MemTxCpltCallback)
    HAL_I2C_MspInit                          0x080019fd   Thumb Code   124  stm32f4xx_hal_msp.o(i.HAL_I2C_MspInit)
    HAL_I2C_SlaveRxCpltCallback              0x08001a85   Thumb Code     2  stm32f4xx_hal_i2c.o(i.HAL_I2C_SlaveRxCpltCallback)
    HAL_I2C_SlaveTxCpltCallback              0x08001a87   Thumb Code     2  stm32f4xx_hal_i2c.o(i.HAL_I2C_SlaveTxCpltCallback)
    HAL_IncTick                              0x08001a89   Thumb Code    12  stm32f4xx_hal.o(i.HAL_IncTick)
    HAL_Init                                 0x08001a99   Thumb Code    48  stm32f4xx_hal.o(i.HAL_Init)
    HAL_InitTick                             0x08001acd   Thumb Code    54  stm32f4xx_hal.o(i.HAL_InitTick)
    HAL_MspInit                              0x08001b0d   Thumb Code    42  stm32f4xx_hal_msp.o(i.HAL_MspInit)
    HAL_NVIC_EnableIRQ                       0x08001b3d   Thumb Code    26  stm32f4xx_hal_cortex.o(i.HAL_NVIC_EnableIRQ)
    HAL_NVIC_SetPriority                     0x08001b59   Thumb Code    60  stm32f4xx_hal_cortex.o(i.HAL_NVIC_SetPriority)
    HAL_NVIC_SetPriorityGrouping             0x08001b99   Thumb Code    26  stm32f4xx_hal_cortex.o(i.HAL_NVIC_SetPriorityGrouping)
    HAL_RCC_ClockConfig                      0x08001bbd   Thumb Code   286  stm32f4xx_hal_rcc.o(i.HAL_RCC_ClockConfig)
    HAL_RCC_GetClockConfig                   0x08001ced   Thumb Code    54  stm32f4xx_hal_rcc.o(i.HAL_RCC_GetClockConfig)
    HAL_RCC_GetPCLK1Freq                     0x08001d2d   Thumb Code    20  stm32f4xx_hal_rcc.o(i.HAL_RCC_GetPCLK1Freq)
    HAL_RCC_GetPCLK2Freq                     0x08001d4d   Thumb Code    20  stm32f4xx_hal_rcc.o(i.HAL_RCC_GetPCLK2Freq)
    HAL_RCC_GetSysClockFreq                  0x08001d6d   Thumb Code    88  stm32f4xx_hal_rcc.o(i.HAL_RCC_GetSysClockFreq)
    HAL_RCC_OscConfig                        0x08001dd1   Thumb Code   770  stm32f4xx_hal_rcc.o(i.HAL_RCC_OscConfig)
    HAL_SYSTICK_Config                       0x080020ed   Thumb Code    40  stm32f4xx_hal_cortex.o(i.HAL_SYSTICK_Config)
    HAL_UART_ErrorCallback                   0x08002115   Thumb Code     2  stm32f4xx_hal_uart.o(i.HAL_UART_ErrorCallback)
    HAL_UART_IRQHandler                      0x08002119   Thumb Code   266  stm32f4xx_hal_uart.o(i.HAL_UART_IRQHandler)
    HAL_UART_Init                            0x08002229   Thumb Code    98  stm32f4xx_hal_uart.o(i.HAL_UART_Init)
    HAL_UART_MspInit                         0x0800228d   Thumb Code   170  stm32f4xx_hal_msp.o(i.HAL_UART_MspInit)
    HAL_UART_Receive_IT                      0x0800234d   Thumb Code    82  stm32f4xx_hal_uart.o(i.HAL_UART_Receive_IT)
    HAL_UART_RxCpltCallback                  0x080023a1   Thumb Code   280  main.o(i.HAL_UART_RxCpltCallback)
    HAL_UART_Transmit                        0x080025b5   Thumb Code   186  stm32f4xx_hal_uart.o(i.HAL_UART_Transmit)
    HAL_UART_Transmit_IT                     0x0800266f   Thumb Code    62  stm32f4xx_hal_uart.o(i.HAL_UART_Transmit_IT)
    HAL_UART_TxCpltCallback                  0x080026ad   Thumb Code     2  main.o(i.HAL_UART_TxCpltCallback)
    HardFault_Handler                        0x080026af   Thumb Code     2  stm32f4xx_it.o(i.HardFault_Handler)
    I2C1_ER_IRQHandler                       0x080026b1   Thumb Code     6  stm32f4xx_it.o(i.I2C1_ER_IRQHandler)
    I2C1_EV_IRQHandler                       0x080026bd   Thumb Code     6  stm32f4xx_it.o(i.I2C1_EV_IRQHandler)
    ITM_SendChar                             0x08003285   Thumb Code    32  retarget_io.o(i.ITM_SendChar)
    MemManage_Handler                        0x080032a9   Thumb Code     2  stm32f4xx_it.o(i.MemManage_Handler)
    NMI_Handler                              0x080032ab   Thumb Code     2  stm32f4xx_it.o(i.NMI_Handler)
    PendSV_Handler                           0x080032ad   Thumb Code     2  stm32f4xx_it.o(i.PendSV_Handler)
    SVC_Handler                              0x080032af   Thumb Code     2  stm32f4xx_it.o(i.SVC_Handler)
    SysTick_Handler                          0x080032b1   Thumb Code     4  stm32f4xx_it.o(i.SysTick_Handler)
    SystemInit                               0x080032b5   Thumb Code    66  system_stm32f4xx.o(i.SystemInit)
    USART2_IRQHandler                        0x08003741   Thumb Code     6  stm32f4xx_it.o(i.USART2_IRQHandler)
    USART3_IRQHandler                        0x0800374d   Thumb Code     6  stm32f4xx_it.o(i.USART3_IRQHandler)
    UsageFault_Handler                       0x08003759   Thumb Code     2  stm32f4xx_it.o(i.UsageFault_Handler)
    common_init()                            0x08003771   Thumb Code    82  adafruit_gps.o(i._Z11common_initv)
    sendCommand(__UART_HandleTypeDef, char*) 0x080037d1   Thumb Code    52  adafruit_gps.o(i._Z11sendCommand20__UART_HandleTypeDefPc)
    Adafruit_GPS(__UART_HandleTypeDef)       0x0800380d   Thumb Code     4  adafruit_gps.o(i._Z12Adafruit_GPS20__UART_HandleTypeDef)
    LCD1602_clear()                          0x080038e1   Thumb Code    18  stm_my_lcd16x2.o(i._Z13LCD1602_clearv)
    LCD1602_print(char*)                     0x080038f3   Thumb Code    36  stm_my_lcd16x2.o(i._Z13LCD1602_printPc)
    LCD1602_2ndLine()                        0x080039fd   Thumb Code     8  stm_my_lcd16x2.o(i._Z15LCD1602_2ndLinev)
    newNMEAreceived()                        0x08003a05   Thumb Code     6  adafruit_gps.o(i._Z15newNMEAreceivedv)
    LCD1602_PrintInt(int)                    0x08003a11   Thumb Code    20  stm_my_lcd16x2.o(i._Z16LCD1602_PrintInti)
    maxim_find_peaks(int*, int*, int*, int, int, int, int) 0x08003a29   Thumb Code    50  algorithm.o(i._Z16maxim_find_peaksPiS_S_iiii)
    LCD1602_Begin8BIT(GPIO_TypeDef*, unsigned short, unsigned short, GPIO_TypeDef*, unsigned short, unsigned short, unsigned short, unsigned short, GPIO_TypeDef*, unsigned short, unsigned short, unsigned short, unsigned short) 0x08003a5d   Thumb Code   132  stm_my_lcd16x2.o(i._Z17LCD1602_Begin8BITP12GPIO_TypeDefttS0_ttttS0_tttt)
    LCD1602_setCursor(unsigned char, unsigned char) 0x08003ae5   Thumb Code    26  stm_my_lcd16x2.o(i._Z17LCD1602_setCursorhh)
    maxim_sort_ascend(int*, int)             0x08003b01   Thumb Code    50  algorithm.o(i._Z17maxim_sort_ascendPii)
    SystemClock_Config()                     0x08003bc9   Thumb Code   102  main.o(i._Z18SystemClock_Configv)
    maxim_max30102_init(__I2C_HandleTypeDef) 0x08003c65   Thumb Code  1166  max30102.o(i._Z19maxim_max30102_init19__I2C_HandleTypeDef)
    maxim_max30102_reset(__I2C_HandleTypeDef) 0x08004107   Thumb Code   120  max30102.o(i._Z20maxim_max30102_reset19__I2C_HandleTypeDef)
    maxim_max30102_restart(__I2C_HandleTypeDef) 0x0800417f   Thumb Code   210  max30102.o(i._Z22maxim_max30102_restart19__I2C_HandleTypeDef)
    maxim_max30102_read_reg(__I2C_HandleTypeDef, unsigned char, unsigned char*) 0x08004251   Thumb Code    68  max30102.o(i._Z23maxim_max30102_read_reg19__I2C_HandleTypeDefhPh)
    maxim_max30102_read_fifo(__I2C_HandleTypeDef, unsigned*, unsigned*) 0x08004295   Thumb Code   346  max30102.o(i._Z24maxim_max30102_read_fifo19__I2C_HandleTypeDefPjS0_)
    maxim_max30102_write_reg(__I2C_HandleTypeDef, unsigned char, unsigned char) 0x080043ef   Thumb Code    46  max30102.o(i._Z24maxim_max30102_write_reg19__I2C_HandleTypeDefhh)
    maxim_remove_close_peaks(int*, int*, int*, int) 0x0800441d   Thumb Code   108  algorithm.o(i._Z24maxim_remove_close_peaksPiS_S_i)
    maxim_sort_indices_descend(int*, int*, int) 0x080044b5   Thumb Code    58  algorithm.o(i._Z26maxim_sort_indices_descendPiS_i)
    maxim_peaks_above_min_height(int*, int*, int*, int, int) 0x080044ef   Thumb Code   106  algorithm.o(i._Z28maxim_peaks_above_min_heightPiS_S_ii)
    maxim_heart_rate_and_oxygen_saturation(unsigned*, int, unsigned*, int*, signed char*, int*, signed char*) 0x08004559   Thumb Code  1064  algorithm.o(i._Z38maxim_heart_rate_and_oxygen_saturationPjiS_PiPaS0_S1_)
    read(unsigned char)                      0x08004981   Thumb Code    80  adafruit_gps.o(i._Z4readh)
    parse(char*)                             0x080049d9   Thumb Code   898  adafruit_gps.o(i._Z5parsePc)
    lastNMEA()                               0x08004d81   Thumb Code    10  adafruit_gps.o(i._Z8lastNMEAv)
    parseHex(char)                           0x08004d91   Thumb Code    30  adafruit_gps.o(i._Z8parseHexc)
    calibrate()                              0x08004db1   Thumb Code   344  main.o(i._Z9calibratev)
    std::strchr(char*, int)                  0x08004f39   Thumb Code     4  adafruit_gps.o(i._ZSt6strchrPci)
    __0printf                                0x08004f3d   Thumb Code    22  printfa.o(i.__0printf)
    __1printf                                0x08004f3d   Thumb Code     0  printfa.o(i.__0printf)
    __2printf                                0x08004f3d   Thumb Code     0  printfa.o(i.__0printf)
    __c89printf                              0x08004f3d   Thumb Code     0  printfa.o(i.__0printf)
    printf                                   0x08004f3d   Thumb Code     0  printfa.o(i.__0printf)
    __0sprintf                               0x08004f5d   Thumb Code    34  printfa.o(i.__0sprintf)
    __1sprintf                               0x08004f5d   Thumb Code     0  printfa.o(i.__0sprintf)
    __2sprintf                               0x08004f5d   Thumb Code     0  printfa.o(i.__0sprintf)
    __c89sprintf                             0x08004f5d   Thumb Code     0  printfa.o(i.__0sprintf)
    sprintf                                  0x08004f5d   Thumb Code     0  printfa.o(i.__0sprintf)
    __aeabi_errno_addr                       0x08004fa5   Thumb Code     4  errno.o(i.__aeabi_errno_addr)
    __rt_errno_addr                          0x08004fa5   Thumb Code     0  errno.o(i.__aeabi_errno_addr)
    __hardfp_atof                            0x08004fb1   Thumb Code    44  atof.o(i.__hardfp_atof)
    __hardfp_fmod                            0x08004fe9   Thumb Code   254  fmod.o(i.__hardfp_fmod)
    __mathlib_dbl_invalid                    0x080050f1   Thumb Code    24  dunder.o(i.__mathlib_dbl_invalid)
    __read_errno                             0x08005111   Thumb Code     6  errno.o(i.__read_errno)
    __scatterload_copy                       0x0800511d   Thumb Code    14  handlers.o(i.__scatterload_copy)
    __scatterload_null                       0x0800512b   Thumb Code     2  handlers.o(i.__scatterload_null)
    __scatterload_zeroinit                   0x0800512d   Thumb Code    14  handlers.o(i.__scatterload_zeroinit)
    __set_errno                              0x0800513d   Thumb Code     6  errno.o(i.__set_errno)
    _is_digit                                0x080052cd   Thumb Code    14  scanf_fp.o(i._is_digit)
    fputc                                    0x08005a15   Thumb Code    22  retarget_io.o(i.fputc)
    main                                     0x08005a35   Thumb Code  2056  main.o(i.main)
    AHBPrescTable                            0x0800629c   Data          16  system_stm32f4xx.o(.constdata)
    APBPrescTable                            0x080062ac   Data           8  system_stm32f4xx.o(.constdata)
    __ctype_table                            0x080063aa   Data         129  ctype_o.o(.constdata)
    Region$$Table$$Base                      0x08006430   Number         0  anon$$obj.o(Region$$Table)
    Region$$Table$$Limit                     0x08006450   Number         0  anon$$obj.o(Region$$Table)
    ch_spo2_valid                            0x20000000   Data           1  main.o(.data)
    ch_hr_valid                              0x20000001   Data           1  main.o(.data)
    temporary                                0x20000002   Data           1  main.o(.data)
    n_ir_buffer_length                       0x20000004   Data           4  main.o(.data)
    n_sp02                                   0x20000008   Data           4  main.o(.data)
    n_heart_rate                             0x2000000c   Data           4  main.o(.data)
    un_min                                   0x20000010   Data           4  main.o(.data)
    un_max                                   0x20000014   Data           4  main.o(.data)
    un_prev_data                             0x20000018   Data           4  main.o(.data)
    i                                        0x2000001c   Data           4  main.o(.data)
    n_brightness                             0x20000020   Data           4  main.o(.data)
    f_temp                                   0x20000024   Data           4  main.o(.data)
    uwTickFreq                               0x20000028   Data           1  stm32f4xx_hal.o(.data)
    uwTickPrio                               0x2000002c   Data           4  stm32f4xx_hal.o(.data)
    uwTick                                   0x20000030   Data           4  stm32f4xx_hal.o(.data)
    SystemCoreClock                          0x20000034   Data           4  system_stm32f4xx.o(.data)
    recvdflag                                0x2000005c   Data           1  adafruit_gps.o(.data)
    inStandbyMode                            0x2000005d   Data           1  adafruit_gps.o(.data)
    hour                                     0x2000005e   Data           1  adafruit_gps.o(.data)
    minute                                   0x2000005f   Data           1  adafruit_gps.o(.data)
    seconds                                  0x20000060   Data           1  adafruit_gps.o(.data)
    year                                     0x20000061   Data           1  adafruit_gps.o(.data)
    month                                    0x20000062   Data           1  adafruit_gps.o(.data)
    day                                      0x20000063   Data           1  adafruit_gps.o(.data)
    lat                                      0x20000064   Data           1  adafruit_gps.o(.data)
    lon                                      0x20000065   Data           1  adafruit_gps.o(.data)
    mag                                      0x20000066   Data           1  adafruit_gps.o(.data)
    fix                                      0x20000067   Data           1  adafruit_gps.o(.data)
    fixquality                               0x20000068   Data           1  adafruit_gps.o(.data)
    satellites                               0x20000069   Data           1  adafruit_gps.o(.data)
    LOCUS_type                               0x2000006a   Data           1  adafruit_gps.o(.data)
    LOCUS_mode                               0x2000006b   Data           1  adafruit_gps.o(.data)
    LOCUS_config                             0x2000006c   Data           1  adafruit_gps.o(.data)
    LOCUS_interval                           0x2000006d   Data           1  adafruit_gps.o(.data)
    LOCUS_distance                           0x2000006e   Data           1  adafruit_gps.o(.data)
    LOCUS_speed                              0x2000006f   Data           1  adafruit_gps.o(.data)
    LOCUS_status                             0x20000070   Data           1  adafruit_gps.o(.data)
    LOCUS_percent                            0x20000071   Data           1  adafruit_gps.o(.data)
    paused                                   0x20000072   Data           1  adafruit_gps.o(.data)
    lineidx                                  0x20000074   Data           2  adafruit_gps.o(.data)
    milliseconds                             0x20000076   Data           2  adafruit_gps.o(.data)
    LOCUS_serial                             0x20000078   Data           2  adafruit_gps.o(.data)
    LOCUS_records                            0x2000007a   Data           2  adafruit_gps.o(.data)
    currentline                              0x2000007c   Data           4  adafruit_gps.o(.data)
    lastline                                 0x20000080   Data           4  adafruit_gps.o(.data)
    latitude                                 0x20000084   Data           4  adafruit_gps.o(.data)
    longitude                                0x20000088   Data           4  adafruit_gps.o(.data)
    geoidheight                              0x2000008c   Data           4  adafruit_gps.o(.data)
    altitude                                 0x20000090   Data           4  adafruit_gps.o(.data)
    speed                                    0x20000094   Data           4  adafruit_gps.o(.data)
    angle                                    0x20000098   Data           4  adafruit_gps.o(.data)
    magvariation                             0x2000009c   Data           4  adafruit_gps.o(.data)
    HDOP                                     0x200000a0   Data           4  adafruit_gps.o(.data)
    __stdout                                 0x200000a4   Data           4  stdout.o(.data)
    __stderr                                 0x200000a8   Data           4  stderr.o(.data)
    aun_ir_buffer                            0x200000b0   Data        2000  main.o(.bss)
    aun_red_buffer                           0x20000880   Data        2000  main.o(.bss)
    temporary_xbee                           0x20001050   Data          26  main.o(.bss)
    hi2c1                                    0x2000106c   Data          84  main.o(.bss)
    huart2                                   0x200010c0   Data          64  main.o(.bss)
    huart3                                   0x20001100   Data          64  main.o(.bss)
    line1                                    0x200028a0   Data         120  adafruit_gps.o(.bss)
    line2                                    0x20002918   Data         120  adafruit_gps.o(.bss)
    __initial_sp                             0x20002d90   Data           0  startup_stm32f407xx.o(STACK)



==============================================================================

Memory Map of the image

  Image Entry point : 0x08000189

  Load Region LR_IROM1 (Base: 0x08000000, Size: 0x00006500, Max: 0x00100000, ABSOLUTE)

    Execution Region ER_IROM1 (Exec base: 0x08000000, Load base: 0x08000000, Size: 0x00006450, Max: 0x00100000, ABSOLUTE)

    Exec Addr    Load Addr    Size         Type   Attr      Idx    E Section Name        Object

    0x08000000   0x08000000   0x00000188   Data   RO            3    RESET               startup_stm32f407xx.o
    0x08000188   0x08000188   0x00000000   Code   RO         3143  * .ARM.Collect$$$$00000000  mc_w.l(entry.o)
    0x08000188   0x08000188   0x00000004   Code   RO         3486    .ARM.Collect$$$$00000001  mc_w.l(entry2.o)
    0x0800018c   0x0800018c   0x00000004   Code   RO         3489    .ARM.Collect$$$$00000004  mc_w.l(entry5.o)
    0x08000190   0x08000190   0x00000000   Code   RO         3491    .ARM.Collect$$$$00000008  mc_w.l(entry7b.o)
    0x08000190   0x08000190   0x00000000   Code   RO         3493    .ARM.Collect$$$$0000000A  mc_w.l(entry8b.o)
    0x08000190   0x08000190   0x00000008   Code   RO         3494    .ARM.Collect$$$$0000000B  mc_w.l(entry9a.o)
    0x08000198   0x08000198   0x00000000   Code   RO         3496    .ARM.Collect$$$$0000000D  mc_w.l(entry10a.o)
    0x08000198   0x08000198   0x00000000   Code   RO         3498    .ARM.Collect$$$$0000000F  mc_w.l(entry11a.o)
    0x08000198   0x08000198   0x00000004   Code   RO         3487    .ARM.Collect$$$$00002712  mc_w.l(entry2.o)
    0x0800019c   0x0800019c   0x00000024   Code   RO            4    .text               startup_stm32f407xx.o
    0x080001c0   0x080001c0   0x00000062   Code   RO         3153    .text               mc_w.l(uldiv.o)
    0x08000222   0x08000222   0x00000002   PAD
    0x08000224   0x08000224   0x00000008   Code   RO         3155    .text               mc_w.l(ctype_o.o)
    0x0800022c   0x0800022c   0x00000012   Code   RO         3177    .text               mc_w.l(isspace_o.o)
    0x0800023e   0x0800023e   0x00000024   Code   RO         3183    .text               mc_w.l(memcpya.o)
    0x08000262   0x08000262   0x00000024   Code   RO         3185    .text               mc_w.l(memseta.o)
    0x08000286   0x08000286   0x00000024   Code   RO         3187    .text               mc_w.l(strstr.o)
    0x080002aa   0x080002aa   0x00000014   Code   RO         3191    .text               mc_w.l(strchr.o)
    0x080002be   0x080002be   0x0000000e   Code   RO         3193    .text               mc_w.l(strlen.o)
    0x080002cc   0x080002cc   0x0000001a   Code   RO         3460    .text               mc_w.l(atoi.o)
    0x080002e6   0x080002e6   0x000000e4   Code   RO         3462    .text               mf_w.l(dmul.o)
    0x080003ca   0x080003ca   0x0000001a   Code   RO         3464    .text               mf_w.l(dfltui.o)
    0x080003e4   0x080003e4   0x00000032   Code   RO         3466    .text               mf_w.l(dfixui.o)
    0x08000416   0x08000416   0x00000026   Code   RO         3468    .text               mf_w.l(f2d.o)
    0x0800043c   0x0800043c   0x00000038   Code   RO         3470    .text               mf_w.l(d2f.o)
    0x08000474   0x08000474   0x0000002c   Code   RO         3500    .text               mc_w.l(uidiv.o)
    0x080004a0   0x080004a0   0x0000001e   Code   RO         3502    .text               mc_w.l(llshl.o)
    0x080004be   0x080004be   0x00000020   Code   RO         3504    .text               mc_w.l(llushr.o)
    0x080004de   0x080004de   0x00000002   PAD
    0x080004e0   0x080004e0   0x0000009c   Code   RO         3513    .text               mc_w.l(strtod.o)
    0x0800057c   0x0800057c   0x00000070   Code   RO         3515    .text               mc_w.l(strtol.o)
    0x080005ec   0x080005ec   0x00000000   Code   RO         3517    .text               mc_w.l(iusefp.o)
    0x080005ec   0x080005ec   0x0000006e   Code   RO         3518    .text               mf_w.l(fepilogue.o)
    0x0800065a   0x0800065a   0x000000ba   Code   RO         3520    .text               mf_w.l(depilogue.o)
    0x08000714   0x08000714   0x0000014e   Code   RO         3522    .text               mf_w.l(dadd.o)
    0x08000862   0x08000862   0x000000de   Code   RO         3524    .text               mf_w.l(ddiv.o)
    0x08000940   0x08000940   0x00000086   Code   RO         3526    .text               mf_w.l(drem.o)
    0x080009c6   0x080009c6   0x00000030   Code   RO         3528    .text               mf_w.l(dfixul.o)
    0x080009f6   0x080009f6   0x00000002   PAD
    0x080009f8   0x080009f8   0x00000030   Code   RO         3530    .text               mf_w.l(cdrcmple.o)
    0x08000a28   0x08000a28   0x00000024   Code   RO         3532    .text               mc_w.l(init.o)
    0x08000a4c   0x08000a4c   0x00000024   Code   RO         3534    .text               mc_w.l(llsshr.o)
    0x08000a70   0x08000a70   0x00000360   Code   RO         3538    .text               mc_w.l(scanf_fp.o)
    0x08000dd0   0x08000dd0   0x00000040   Code   RO         3542    .text               mc_w.l(_sgetc.o)
    0x08000e10   0x08000e10   0x0000009e   Code   RO         3544    .text               mc_w.l(_strtoul.o)
    0x08000eae   0x08000eae   0x0000001c   Code   RO         3549    .text               mc_w.l(_chval.o)
    0x08000eca   0x08000eca   0x00000018   Code   RO         3551    .text               mf_w.l(dfltul.o)
    0x08000ee2   0x08000ee2   0x00000002   Code   RO          220    i.BusFault_Handler  stm32f4xx_it.o
    0x08000ee4   0x08000ee4   0x00000002   Code   RO          221    i.DebugMon_Handler  stm32f4xx_it.o
    0x08000ee6   0x08000ee6   0x00000024   Code   RO         1729    i.HAL_DMA_Abort_IT  stm32f4xx_hal_dma.o
    0x08000f0a   0x08000f0a   0x00000006   Code   RO         1732    i.HAL_DMA_GetState  stm32f4xx_hal_dma.o
    0x08000f10   0x08000f10   0x00000024   Code   RO         2147    i.HAL_Delay         stm32f4xx_hal.o
    0x08000f34   0x08000f34   0x000001b0   Code   RO         1621    i.HAL_GPIO_Init     stm32f4xx_hal_gpio.o
    0x080010e4   0x080010e4   0x0000000a   Code   RO         1625    i.HAL_GPIO_WritePin  stm32f4xx_hal_gpio.o
    0x080010ee   0x080010ee   0x00000002   PAD
    0x080010f0   0x080010f0   0x0000000c   Code   RO         2153    i.HAL_GetTick       stm32f4xx_hal.o
    0x080010fc   0x080010fc   0x00000002   Code   RO          464    i.HAL_I2C_AbortCpltCallback  stm32f4xx_hal_i2c.o
    0x080010fe   0x080010fe   0x00000002   Code   RO          465    i.HAL_I2C_AddrCallback  stm32f4xx_hal_i2c.o
    0x08001100   0x08001100   0x000000ba   Code   RO          468    i.HAL_I2C_ER_IRQHandler  stm32f4xx_hal_i2c.o
    0x080011ba   0x080011ba   0x0000025a   Code   RO          469    i.HAL_I2C_EV_IRQHandler  stm32f4xx_hal_i2c.o
    0x08001414   0x08001414   0x00000002   Code   RO          471    i.HAL_I2C_ErrorCallback  stm32f4xx_hal_i2c.o
    0x08001416   0x08001416   0x00000002   PAD
    0x08001418   0x08001418   0x00000174   Code   RO          475    i.HAL_I2C_Init      stm32f4xx_hal_i2c.o
    0x0800158c   0x0800158c   0x00000158   Code   RO          476    i.HAL_I2C_IsDeviceReady  stm32f4xx_hal_i2c.o
    0x080016e4   0x080016e4   0x00000002   Code   RO          477    i.HAL_I2C_ListenCpltCallback  stm32f4xx_hal_i2c.o
    0x080016e6   0x080016e6   0x00000002   Code   RO          478    i.HAL_I2C_MasterRxCpltCallback  stm32f4xx_hal_i2c.o
    0x080016e8   0x080016e8   0x00000002   Code   RO          479    i.HAL_I2C_MasterTxCpltCallback  stm32f4xx_hal_i2c.o
    0x080016ea   0x080016ea   0x00000002   PAD
    0x080016ec   0x080016ec   0x000001e0   Code   RO          481    i.HAL_I2C_Master_Receive  stm32f4xx_hal_i2c.o
    0x080018cc   0x080018cc   0x0000012c   Code   RO          488    i.HAL_I2C_Master_Transmit  stm32f4xx_hal_i2c.o
    0x080019f8   0x080019f8   0x00000002   Code   RO          491    i.HAL_I2C_MemRxCpltCallback  stm32f4xx_hal_i2c.o
    0x080019fa   0x080019fa   0x00000002   Code   RO          492    i.HAL_I2C_MemTxCpltCallback  stm32f4xx_hal_i2c.o
    0x080019fc   0x080019fc   0x00000088   Code   RO          417    i.HAL_I2C_MspInit   stm32f4xx_hal_msp.o
    0x08001a84   0x08001a84   0x00000002   Code   RO          501    i.HAL_I2C_SlaveRxCpltCallback  stm32f4xx_hal_i2c.o
    0x08001a86   0x08001a86   0x00000002   Code   RO          502    i.HAL_I2C_SlaveTxCpltCallback  stm32f4xx_hal_i2c.o
    0x08001a88   0x08001a88   0x00000010   Code   RO         2159    i.HAL_IncTick       stm32f4xx_hal.o
    0x08001a98   0x08001a98   0x00000034   Code   RO         2160    i.HAL_Init          stm32f4xx_hal.o
    0x08001acc   0x08001acc   0x00000040   Code   RO         2161    i.HAL_InitTick      stm32f4xx_hal.o
    0x08001b0c   0x08001b0c   0x00000030   Code   RO          418    i.HAL_MspInit       stm32f4xx_hal_msp.o
    0x08001b3c   0x08001b3c   0x0000001a   Code   RO         2010    i.HAL_NVIC_EnableIRQ  stm32f4xx_hal_cortex.o
    0x08001b56   0x08001b56   0x00000002   PAD
    0x08001b58   0x08001b58   0x00000040   Code   RO         2016    i.HAL_NVIC_SetPriority  stm32f4xx_hal_cortex.o
    0x08001b98   0x08001b98   0x00000024   Code   RO         2017    i.HAL_NVIC_SetPriorityGrouping  stm32f4xx_hal_cortex.o
    0x08001bbc   0x08001bbc   0x00000130   Code   RO         1267    i.HAL_RCC_ClockConfig  stm32f4xx_hal_rcc.o
    0x08001cec   0x08001cec   0x00000040   Code   RO         1271    i.HAL_RCC_GetClockConfig  stm32f4xx_hal_rcc.o
    0x08001d2c   0x08001d2c   0x00000020   Code   RO         1274    i.HAL_RCC_GetPCLK1Freq  stm32f4xx_hal_rcc.o
    0x08001d4c   0x08001d4c   0x00000020   Code   RO         1275    i.HAL_RCC_GetPCLK2Freq  stm32f4xx_hal_rcc.o
    0x08001d6c   0x08001d6c   0x00000064   Code   RO         1276    i.HAL_RCC_GetSysClockFreq  stm32f4xx_hal_rcc.o
    0x08001dd0   0x08001dd0   0x0000031c   Code   RO         1279    i.HAL_RCC_OscConfig  stm32f4xx_hal_rcc.o
    0x080020ec   0x080020ec   0x00000028   Code   RO         2021    i.HAL_SYSTICK_Config  stm32f4xx_hal_cortex.o
    0x08002114   0x08002114   0x00000002   Code   RO          961    i.HAL_UART_ErrorCallback  stm32f4xx_hal_uart.o
    0x08002116   0x08002116   0x00000002   PAD
    0x08002118   0x08002118   0x00000110   Code   RO          964    i.HAL_UART_IRQHandler  stm32f4xx_hal_uart.o
    0x08002228   0x08002228   0x00000062   Code   RO          965    i.HAL_UART_Init     stm32f4xx_hal_uart.o
    0x0800228a   0x0800228a   0x00000002   PAD
    0x0800228c   0x0800228c   0x000000c0   Code   RO          420    i.HAL_UART_MspInit  stm32f4xx_hal_msp.o
    0x0800234c   0x0800234c   0x00000052   Code   RO          970    i.HAL_UART_Receive_IT  stm32f4xx_hal_uart.o
    0x0800239e   0x0800239e   0x00000002   PAD
    0x080023a0   0x080023a0   0x00000214   Code   RO           14    i.HAL_UART_RxCpltCallback  main.o
    0x080025b4   0x080025b4   0x000000ba   Code   RO          973    i.HAL_UART_Transmit  stm32f4xx_hal_uart.o
    0x0800266e   0x0800266e   0x0000003e   Code   RO          975    i.HAL_UART_Transmit_IT  stm32f4xx_hal_uart.o
    0x080026ac   0x080026ac   0x00000002   Code   RO           15    i.HAL_UART_TxCpltCallback  main.o
    0x080026ae   0x080026ae   0x00000002   Code   RO          222    i.HardFault_Handler  stm32f4xx_it.o
    0x080026b0   0x080026b0   0x0000000c   Code   RO          223    i.I2C1_ER_IRQHandler  stm32f4xx_it.o
    0x080026bc   0x080026bc   0x0000000c   Code   RO          224    i.I2C1_EV_IRQHandler  stm32f4xx_it.o
    0x080026c8   0x080026c8   0x0000007e   Code   RO          513    i.I2C_DMAAbort      stm32f4xx_hal_i2c.o
    0x08002746   0x08002746   0x00000002   PAD
    0x08002748   0x08002748   0x00000140   Code   RO          516    i.I2C_ITError       stm32f4xx_hal_i2c.o
    0x08002888   0x08002888   0x0000002e   Code   RO          517    i.I2C_IsAcknowledgeFailed  stm32f4xx_hal_i2c.o
    0x080028b6   0x080028b6   0x000000d2   Code   RO          518    i.I2C_MasterReceive_BTF  stm32f4xx_hal_i2c.o
    0x08002988   0x08002988   0x00000092   Code   RO          519    i.I2C_MasterReceive_RXNE  stm32f4xx_hal_i2c.o
    0x08002a1a   0x08002a1a   0x000000d4   Code   RO          520    i.I2C_MasterRequestRead  stm32f4xx_hal_i2c.o
    0x08002aee   0x08002aee   0x00000002   PAD
    0x08002af0   0x08002af0   0x00000088   Code   RO          521    i.I2C_MasterRequestWrite  stm32f4xx_hal_i2c.o
    0x08002b78   0x08002b78   0x00000082   Code   RO          522    i.I2C_MasterTransmit_BTF  stm32f4xx_hal_i2c.o
    0x08002bfa   0x08002bfa   0x00000002   PAD
    0x08002bfc   0x08002bfc   0x00000104   Code   RO          523    i.I2C_MasterTransmit_TXE  stm32f4xx_hal_i2c.o
    0x08002d00   0x08002d00   0x00000118   Code   RO          524    i.I2C_Master_ADDR   stm32f4xx_hal_i2c.o
    0x08002e18   0x08002e18   0x0000008e   Code   RO          525    i.I2C_Master_SB     stm32f4xx_hal_i2c.o
    0x08002ea6   0x08002ea6   0x00000002   PAD
    0x08002ea8   0x08002ea8   0x00000084   Code   RO          528    i.I2C_Slave_AF      stm32f4xx_hal_i2c.o
    0x08002f2c   0x08002f2c   0x0000015c   Code   RO          529    i.I2C_Slave_STOPF   stm32f4xx_hal_i2c.o
    0x08003088   0x08003088   0x0000004c   Code   RO          530    i.I2C_WaitOnBTFFlagUntilTimeout  stm32f4xx_hal_i2c.o
    0x080030d4   0x080030d4   0x00000068   Code   RO          531    i.I2C_WaitOnFlagUntilTimeout  stm32f4xx_hal_i2c.o
    0x0800313c   0x0800313c   0x00000096   Code   RO          532    i.I2C_WaitOnMasterAddressFlagUntilTimeout  stm32f4xx_hal_i2c.o
    0x080031d2   0x080031d2   0x00000066   Code   RO          533    i.I2C_WaitOnRXNEFlagUntilTimeout  stm32f4xx_hal_i2c.o
    0x08003238   0x08003238   0x0000004c   Code   RO          534    i.I2C_WaitOnTXEFlagUntilTimeout  stm32f4xx_hal_i2c.o
    0x08003284   0x08003284   0x00000024   Code   RO         3056    i.ITM_SendChar      retarget_io.o
    0x080032a8   0x080032a8   0x00000002   Code   RO          225    i.MemManage_Handler  stm32f4xx_it.o
    0x080032aa   0x080032aa   0x00000002   Code   RO          226    i.NMI_Handler       stm32f4xx_it.o
    0x080032ac   0x080032ac   0x00000002   Code   RO          227    i.PendSV_Handler    stm32f4xx_it.o
    0x080032ae   0x080032ae   0x00000002   Code   RO          228    i.SVC_Handler       stm32f4xx_it.o
    0x080032b0   0x080032b0   0x00000004   Code   RO          229    i.SysTick_Handler   stm32f4xx_it.o
    0x080032b4   0x080032b4   0x00000054   Code   RO         2396    i.SystemInit        system_stm32f4xx.o
    0x08003308   0x08003308   0x00000010   Code   RO          978    i.UART_DMAAbortOnError  stm32f4xx_hal_uart.o
    0x08003318   0x08003318   0x0000001c   Code   RO          988    i.UART_EndRxTransfer  stm32f4xx_hal_uart.o
    0x08003334   0x08003334   0x00000096   Code   RO          990    i.UART_Receive_IT   stm32f4xx_hal_uart.o
    0x080033ca   0x080033ca   0x00000002   PAD
    0x080033cc   0x080033cc   0x000002ac   Code   RO          991    i.UART_SetConfig    stm32f4xx_hal_uart.o
    0x08003678   0x08003678   0x00000062   Code   RO          992    i.UART_Transmit_IT  stm32f4xx_hal_uart.o
    0x080036da   0x080036da   0x00000064   Code   RO          993    i.UART_WaitOnFlagUntilTimeout  stm32f4xx_hal_uart.o
    0x0800373e   0x0800373e   0x00000002   PAD
    0x08003740   0x08003740   0x0000000c   Code   RO          230    i.USART2_IRQHandler  stm32f4xx_it.o
    0x0800374c   0x0800374c   0x0000000c   Code   RO          231    i.USART3_IRQHandler  stm32f4xx_it.o
    0x08003758   0x08003758   0x00000002   Code   RO          232    i.UsageFault_Handler  stm32f4xx_it.o
    0x0800375a   0x0800375a   0x00000002   PAD
    0x0800375c   0x0800375c   0x00000014   Code   RO         2726    i._Z10LCD1602_RSb   stm_my_lcd16x2.o
    0x08003770   0x08003770   0x00000060   Code   RO         2920    i._Z11common_initv  adafruit_gps.o
    0x080037d0   0x080037d0   0x0000003c   Code   RO         2921    i._Z11sendCommand20__UART_HandleTypeDefPc  adafruit_gps.o
    0x0800380c   0x0800380c   0x00000004   Code   RO         2922    i._Z12Adafruit_GPS20__UART_HandleTypeDef  adafruit_gps.o
    0x08003810   0x08003810   0x000000d0   Code   RO           16    i._Z12MX_GPIO_Initv  main.o
    0x080038e0   0x080038e0   0x00000012   Code   RO         2728    i._Z13LCD1602_clearv  stm_my_lcd16x2.o
    0x080038f2   0x080038f2   0x00000024   Code   RO         2729    i._Z13LCD1602_printPc  stm_my_lcd16x2.o
    0x08003916   0x08003916   0x00000002   PAD
    0x08003918   0x08003918   0x000000e4   Code   RO         2730    i._Z13LCD1602_writeh  stm_my_lcd16x2.o
    0x080039fc   0x080039fc   0x00000008   Code   RO         2733    i._Z15LCD1602_2ndLinev  stm_my_lcd16x2.o
    0x08003a04   0x08003a04   0x0000000c   Code   RO         2923    i._Z15newNMEAreceivedv  adafruit_gps.o
    0x08003a10   0x08003a10   0x00000018   Code   RO         2737    i._Z16LCD1602_PrintInti  stm_my_lcd16x2.o
    0x08003a28   0x08003a28   0x00000032   Code   RO         2600    i._Z16maxim_find_peaksPiS_S_iiii  algorithm.o
    0x08003a5a   0x08003a5a   0x00000002   PAD
    0x08003a5c   0x08003a5c   0x00000088   Code   RO         2741    i._Z17LCD1602_Begin8BITP12GPIO_TypeDefttS0_ttttS0_tttt  stm_my_lcd16x2.o
    0x08003ae4   0x08003ae4   0x0000001a   Code   RO         2743    i._Z17LCD1602_setCursorhh  stm_my_lcd16x2.o
    0x08003afe   0x08003afe   0x00000002   PAD
    0x08003b00   0x08003b00   0x00000032   Code   RO         2601    i._Z17maxim_sort_ascendPii  algorithm.o
    0x08003b32   0x08003b32   0x00000002   PAD
    0x08003b34   0x08003b34   0x00000094   Code   RO         2745    i._Z18LCD1602_TIM_Configv  stm_my_lcd16x2.o
    0x08003bc8   0x08003bc8   0x00000070   Code   RO           17    i._Z18SystemClock_Configv  main.o
    0x08003c38   0x08003c38   0x0000002c   Code   RO         2746    i._Z19LCD1602_EnablePulsev  stm_my_lcd16x2.o
    0x08003c64   0x08003c64   0x0000048e   Code   RO         2666    i._Z19maxim_max30102_init19__I2C_HandleTypeDef  max30102.o
    0x080040f2   0x080040f2   0x00000014   Code   RO         2749    i._Z20LCD1602_writeCommandh  stm_my_lcd16x2.o
    0x08004106   0x08004106   0x00000078   Code   RO         2667    i._Z20maxim_max30102_reset19__I2C_HandleTypeDef  max30102.o
    0x0800417e   0x0800417e   0x000000d2   Code   RO         2668    i._Z22maxim_max30102_restart19__I2C_HandleTypeDef  max30102.o
    0x08004250   0x08004250   0x00000044   Code   RO         2669    i._Z23maxim_max30102_read_reg19__I2C_HandleTypeDefhPh  max30102.o
    0x08004294   0x08004294   0x0000015a   Code   RO         2670    i._Z24maxim_max30102_read_fifo19__I2C_HandleTypeDefPjS0_  max30102.o
    0x080043ee   0x080043ee   0x0000002e   Code   RO         2671    i._Z24maxim_max30102_write_reg19__I2C_HandleTypeDefhh  max30102.o
    0x0800441c   0x0800441c   0x0000006c   Code   RO         2602    i._Z24maxim_remove_close_peaksPiS_S_i  algorithm.o
    0x08004488   0x08004488   0x0000002c   Code   RO         2751    i._Z25LCD1602_TIM_MicorSecDelayj  stm_my_lcd16x2.o
    0x080044b4   0x080044b4   0x0000003a   Code   RO         2603    i._Z26maxim_sort_indices_descendPiS_i  algorithm.o
    0x080044ee   0x080044ee   0x0000006a   Code   RO         2604    i._Z28maxim_peaks_above_min_heightPiS_S_ii  algorithm.o
    0x08004558   0x08004558   0x00000428   Code   RO         2605    i._Z38maxim_heart_rate_and_oxygen_saturationPjiS_PiPaS0_S1_  algorithm.o
    0x08004980   0x08004980   0x00000058   Code   RO         2927    i._Z4readh          adafruit_gps.o
    0x080049d8   0x080049d8   0x000003a8   Code   RO         2928    i._Z5parsePc        adafruit_gps.o
    0x08004d80   0x08004d80   0x00000010   Code   RO         2932    i._Z8lastNMEAv      adafruit_gps.o
    0x08004d90   0x08004d90   0x0000001e   Code   RO         2933    i._Z8parseHexc      adafruit_gps.o
    0x08004dae   0x08004dae   0x00000002   PAD
    0x08004db0   0x08004db0   0x00000188   Code   RO           18    i._Z9calibratev     main.o
    0x08004f38   0x08004f38   0x00000004   Code   RO         3032    i._ZSt6strchrPci    adafruit_gps.o
    0x08004f3c   0x08004f3c   0x00000020   Code   RO         3432    i.__0printf         mc_w.l(printfa.o)
    0x08004f5c   0x08004f5c   0x00000028   Code   RO         3434    i.__0sprintf        mc_w.l(printfa.o)
    0x08004f84   0x08004f84   0x00000020   Code   RO         2023    i.__NVIC_SetPriority  stm32f4xx_hal_cortex.o
    0x08004fa4   0x08004fa4   0x00000008   Code   RO         3506    i.__aeabi_errno_addr  mc_w.l(errno.o)
    0x08004fac   0x08004fac   0x00000004   PAD
    0x08004fb0   0x08004fb0   0x00000038   Code   RO         3125    i.__hardfp_atof     m_wm.l(atof.o)
    0x08004fe8   0x08004fe8   0x00000104   Code   RO         3131    i.__hardfp_fmod     m_wm.l(fmod.o)
    0x080050ec   0x080050ec   0x00000004   PAD
    0x080050f0   0x080050f0   0x00000020   Code   RO         3475    i.__mathlib_dbl_invalid  m_wm.l(dunder.o)
    0x08005110   0x08005110   0x0000000c   Code   RO         3507    i.__read_errno      mc_w.l(errno.o)
    0x0800511c   0x0800511c   0x0000000e   Code   RO         3555    i.__scatterload_copy  mc_w.l(handlers.o)
    0x0800512a   0x0800512a   0x00000002   Code   RO         3556    i.__scatterload_null  mc_w.l(handlers.o)
    0x0800512c   0x0800512c   0x0000000e   Code   RO         3557    i.__scatterload_zeroinit  mc_w.l(handlers.o)
    0x0800513a   0x0800513a   0x00000002   PAD
    0x0800513c   0x0800513c   0x0000000c   Code   RO         3508    i.__set_errno       mc_w.l(errno.o)
    0x08005148   0x08005148   0x00000184   Code   RO         3439    i._fp_digits        mc_w.l(printfa.o)
    0x080052cc   0x080052cc   0x0000000e   Code   RO         3540    i._is_digit         mc_w.l(scanf_fp.o)
    0x080052da   0x080052da   0x00000002   PAD
    0x080052dc   0x080052dc   0x000006dc   Code   RO         3440    i._printf_core      mc_w.l(printfa.o)
    0x080059b8   0x080059b8   0x00000024   Code   RO         3441    i._printf_post_padding  mc_w.l(printfa.o)
    0x080059dc   0x080059dc   0x0000002e   Code   RO         3442    i._printf_pre_padding  mc_w.l(printfa.o)
    0x08005a0a   0x08005a0a   0x0000000a   Code   RO         3444    i._sputc            mc_w.l(printfa.o)
    0x08005a14   0x08005a14   0x00000020   Code   RO         3061    i.fputc             retarget_io.o
    0x08005a34   0x08005a34   0x00000868   Code   RO           19    i.main              main.o
    0x0800629c   0x0800629c   0x00000010   Data   RO         2397    .constdata          system_stm32f4xx.o
    0x080062ac   0x080062ac   0x00000008   Data   RO         2398    .constdata          system_stm32f4xx.o
    0x080062b4   0x080062b4   0x000000f6   Data   RO         2613    .constdata          algorithm.o
    0x080063aa   0x080063aa   0x00000081   Data   RO         3156    .constdata          mc_w.l(ctype_o.o)
    0x0800642b   0x0800642b   0x00000001   PAD
    0x0800642c   0x0800642c   0x00000004   Data   RO         3157    .constdata          mc_w.l(ctype_o.o)
    0x08006430   0x08006430   0x00000020   Data   RO         3553    Region$$Table       anon$$obj.o


    Execution Region RW_IRAM1 (Exec base: 0x20000000, Load base: 0x08006450, Size: 0x00002d90, Max: 0x00020000, ABSOLUTE)

    Exec Addr    Load Addr    Size         Type   Attr      Idx    E Section Name        Object

    0x20000000   0x08006450   0x00000028   Data   RW           30    .data               main.o
    0x20000028   0x08006478   0x0000000c   Data   RW         2167    .data               stm32f4xx_hal.o
    0x20000034   0x08006484   0x00000004   Data   RW         2399    .data               system_stm32f4xx.o
    0x20000038   0x08006488   0x00000024   Data   RW         2778    .data               stm_my_lcd16x2.o
    0x2000005c   0x080064ac   0x00000048   Data   RW         2949    .data               adafruit_gps.o
    0x200000a4   0x080064f4   0x00000004   Data   RW         3151    .data               mc_w.l(stdout.o)
    0x200000a8   0x080064f8   0x00000004   Data   RW         3152    .data               mc_w.l(stderr.o)
    0x200000ac   0x080064fc   0x00000004   Data   RW         3509    .data               mc_w.l(errno.o)
    0x200000b0        -       0x00001090   Zero   RW           27    .bss                main.o
    0x20001140        -       0x00001760   Zero   RW         2612    .bss                algorithm.o
    0x200028a0        -       0x000000f0   Zero   RW         2948    .bss                adafruit_gps.o
    0x20002990        -       0x00000400   Zero   RW            1    STACK               startup_stm32f407xx.o


==============================================================================

Image component sizes


      Code (inc. data)   RO Data    RW Data    ZI Data      Debug   Object Name

      1246         80          0         72        240       8301   adafruit_gps.o
      1436         36        246          0       5984       8571   algorithm.o
      3398        646          0         40       4240     668144   main.o
      1956          0          0          0          0       5058   max30102.o
        68         14          0          0          0       3451   retarget_io.o
        36          8        392          0       1024        860   startup_stm32f407xx.o
       180         28          0         12          0       4741   stm32f4xx_hal.o
       198         14          0          0          0      34091   stm32f4xx_hal_cortex.o
        42          0          0          0          0       1874   stm32f4xx_hal_dma.o
       442         44          0          0          0       2492   stm32f4xx_hal_gpio.o
      5300         78          0          0          0      32432   stm32f4xx_hal_i2c.o
       376         40          0          0          0       2511   stm32f4xx_hal_msp.o
      1328         90          0          0          0       5969   stm32f4xx_hal_rcc.o
      1778         14          0          0          0      10308   stm32f4xx_hal_uart.o
        68         24          0          0          0     673796   stm32f4xx_it.o
       752         44          0         36          0       8559   stm_my_lcd16x2.o
        84         18         24          4          0       1231   system_stm32f4xx.o
         0          0          0          0          0        642   xbeelib.o

    ----------------------------------------------------------------------
     18726       1178        694        164      11488    1473031   Object Totals
         0          0         32          0          0          0   (incl. Generated)
        38          0          0          0          0          0   (incl. Padding)

    ----------------------------------------------------------------------

      Code (inc. data)   RO Data    RW Data    ZI Data      Debug   Library Member Name

        56         12          0          0          0        132   atof.o
        32          8          0          0          0        124   dunder.o
       260          6          0          0          0        144   fmod.o
        28          0          0          0          0         68   _chval.o
        64          0          0          0          0         84   _sgetc.o
       158          0          0          0          0         92   _strtoul.o
        26          0          0          0          0         80   atoi.o
         8          4        133          0          0         68   ctype_o.o
         0          0          0          0          0          0   entry.o
         0          0          0          0          0          0   entry10a.o
         0          0          0          0          0          0   entry11a.o
         8          4          0          0          0          0   entry2.o
         4          0          0          0          0          0   entry5.o
         0          0          0          0          0          0   entry7b.o
         0          0          0          0          0          0   entry8b.o
         8          4          0          0          0          0   entry9a.o
        32         16          0          4          0        204   errno.o
        30          0          0          0          0          0   handlers.o
        36          8          0          0          0         68   init.o
        18          0          0          0          0         76   isspace_o.o
         0          0          0          0          0          0   iusefp.o
        30          0          0          0          0         68   llshl.o
        36          0          0          0          0         68   llsshr.o
        32          0          0          0          0         68   llushr.o
        36          0          0          0          0         68   memcpya.o
        36          0          0          0          0        108   memseta.o
      2308         96          0          0          0        604   printfa.o
       878         12          0          0          0        216   scanf_fp.o
         0          0          0          4          0          0   stderr.o
         0          0          0          4          0          0   stdout.o
        20          0          0          0          0         68   strchr.o
        14          0          0          0          0         68   strlen.o
        36          0          0          0          0         80   strstr.o
       156         12          0          0          0        120   strtod.o
       112          0          0          0          0         88   strtol.o
        44          0          0          0          0         80   uidiv.o
        98          0          0          0          0         92   uldiv.o
        48          0          0          0          0         68   cdrcmple.o
        56          0          0          0          0         88   d2f.o
       334          0          0          0          0        148   dadd.o
       222          0          0          0          0        100   ddiv.o
       186          0          0          0          0        176   depilogue.o
        50          0          0          0          0         76   dfixui.o
        48          0          0          0          0         68   dfixul.o
        26          0          0          0          0         76   dfltui.o
        24          0          0          0          0         76   dfltul.o
       228          0          0          0          0         96   dmul.o
       134          0          0          0          0         96   drem.o
        38          0          0          0          0         68   f2d.o
       110          0          0          0          0        168   fepilogue.o

    ----------------------------------------------------------------------
      6126        190        134         12          0       4240   Library Totals
        18          8          1          0          0          0   (incl. Padding)

    ----------------------------------------------------------------------

      Code (inc. data)   RO Data    RW Data    ZI Data      Debug   Library Name

       348         26          0          0          0        400   m_wm.l
      4256        156        133         12          0       2536   mc_w.l
      1504          0          0          0          0       1304   mf_w.l

    ----------------------------------------------------------------------
      6126        190        134         12          0       4240   Library Totals

    ----------------------------------------------------------------------

==============================================================================


      Code (inc. data)   RO Data    RW Data    ZI Data      Debug   

     24852       1368        828        176      11488    1463795   Grand Totals
     24852       1368        828        176      11488    1463795   ELF Image Totals
     24852       1368        828        176          0          0   ROM Totals

==============================================================================

    Total RO  Size (Code + RO Data)                25680 (  25.08kB)
    Total RW  Size (RW Data + ZI Data)             11664 (  11.39kB)
    Total ROM Size (Code + RO Data + RW Data)      25856 (  25.25kB)

==============================================================================

