<html>
<body>
<pre>
<h1>µVision Build Log</h1>
<h2>Tool Versions:</h2>
IDE-Version: µVision V5.26.2.0
Copyright (C) 2018 ARM Ltd and ARM Germany GmbH. All rights reserved.
License Information: Omer Faruk Demirci, Abdullah Gul University, LIC=----
 
Tool Versions:
Toolchain:       MDK-Lite  Version: 5.26.2.0
Toolchain Path:  C:\Keil_v5\ARM\ARMCC\Bin
C Compiler:      Armcc.exe V5.06 update 6 (build 750)
Assembler:       Armasm.exe V5.06 update 6 (build 750)
Linker/Locator:  ArmLink.exe V5.06 update 6 (build 750)
Library Manager: ArmAr.exe V5.06 update 6 (build 750)
Hex Converter:   FromElf.exe V5.06 update 6 (build 750)
CPU DLL:         SARMCM3.DLL V5.26.2.0
Dialog DLL:      DCM.DLL V1.17.2.0
Target DLL:      STLink\ST-LINKIII-KEIL_SWO.dll V3.0.5.0
Dialog DLL:      TCM.DLL V1.36.1.0
 
<h2>Project:</h2>
C:\Users\omerf\Desktop\embedded_workspace\vital_data_monitor\MDK-ARM\vital_data_monitor.uvprojx
Project File Date:  05/20/2019

<h2>Output:</h2>
*** Using Compiler 'V5.06 update 6 (build 750)', folder: 'C:\Keil_v5\ARM\ARMCC\Bin'
*** Warning: You are compiling one or more files of source type C++ and have selected 'use MicroLIB'. MicroLIB does not support C++!
  
Build target 'vital_data_monitor'
compiling Adafruit_GPS.cpp...
..\Drivers\GPS\Adafruit_GPS.cpp(265): warning:  #940-D: missing return statement at end of non-void function "parseHex" 
  }
..\Drivers\GPS\Adafruit_GPS.cpp(302): warning:  #68-D: integer conversion resulted in a change of sign
    for (i=0; i<10; i++) parsed[i] = -1;
..\Drivers\GPS\Adafruit_GPS.cpp(360): warning:  #1-D: last line of file ends without a newline
  }
..\Drivers\GPS\Adafruit_GPS.cpp: 3 warnings, 0 errors
compiling main.cpp...
..\Drivers\MAX30102\max30102.h(102): warning:  #1-D: last line of file ends without a newline
  //#endif /* MAX30102_H_ */
..\Drivers\MAX30102\algorithm.h(102): warning:  #1-D: last line of file ends without a newline
  #endif /* ALGORITHM_H_ */
..\Drivers\XBEE\xbeelib.h(186): warning:  #1-D: last line of file ends without a newline
  #endif /* XBEE_S2C_LIB_INC_XBEELIB_H_ */
..\Drivers\XBEE\miscfunc.h(49): warning:  #1-D: last line of file ends without a newline
  #endif /* MISCFUNC_H_ */
..\Drivers\XBEE\xbeelib.h(186): warning:  #1-D: last line of file ends without a newline
  #endif /* XBEE_S2C_LIB_INC_XBEELIB_H_ */
main.cpp(88): warning:  #177-D: variable "i"  was declared but never referenced
  	int i = 0;
main.cpp(171): warning:  #550-D: variable "i"  was set but never used
    int i;
main.cpp: 7 warnings, 0 errors
linking...
Program Size: Code=24836 RO-data=828 RW-data=160 ZI-data=11488  
FromELF: creating hex file...
"vital_data_monitor\vital_data_monitor.axf" - 0 Error(s), 10 Warning(s).

<h2>Software Packages used:</h2>

Package Vendor: ARM
                http://www.keil.com/pack/ARM.CMSIS.5.4.0.pack
                ARM.CMSIS.5.4.0
                CMSIS (Cortex Microcontroller Software Interface Standard)
   * Component: CORE Version: 5.1.2

Package Vendor: Keil
                http://www.keil.com/pack/Keil.ARM_Compiler.1.6.0.pack
                Keil.ARM_Compiler.1.6.0
                Keil ARM Compiler extensions for ARM Compiler 5 and ARM Compiler 6
   * Component: STDERR Variant: ITM Version: 1.2.0
   * Component: STDIN Variant: ITM Version: 1.2.0
   * Component: STDOUT Variant: ITM Version: 1.2.0

Package Vendor: Keil
                http://www.keil.com/pack/Keil.STM32F4xx_DFP.2.13.0.pack
                Keil.STM32F4xx_DFP.2.13.0
                STMicroelectronics STM32F4 Series Device Support, Drivers and Examples

<h2>Collection of Component include folders:</h2>
  .\RTE\_vital_data_monitor
  C:\Keil_v5\ARM\PACK\ARM\CMSIS\5.4.0\CMSIS\Core\Include
  C:\Keil_v5\ARM\PACK\Keil\STM32F4xx_DFP\2.13.0\Drivers\CMSIS\Device\ST\STM32F4xx\Include

<h2>Collection of Component Files used:</h2>

   * Component: ARM::CMSIS:CORE:5.1.2

   * Component: Keil.ARM Compiler::Compiler:I/O:STDERR:ITM:1.2.0
      Source file:   Source\retarget_io.c

   * Component: Keil.ARM Compiler::Compiler:I/O:STDIN:ITM:1.2.0
      Source file:   Source\retarget_io.c

   * Component: Keil.ARM Compiler::Compiler:I/O:STDOUT:ITM:1.2.0
      Source file:   Source\retarget_io.c
Build Time Elapsed:  00:00:06
</pre>
</body>
</html>
